no change     /home/wangxinrong/miniconda3/condabin/conda
no change     /home/wangxinrong/miniconda3/bin/conda
no change     /home/wangxinrong/miniconda3/bin/conda-env
no change     /home/wangxinrong/miniconda3/bin/activate
no change     /home/wangxinrong/miniconda3/bin/deactivate
no change     /home/wangxinrong/miniconda3/etc/profile.d/conda.sh
no change     /home/wangxinrong/miniconda3/etc/fish/conf.d/conda.fish
no change     /home/wangxinrong/miniconda3/shell/condabin/Conda.psm1
no change     /home/wangxinrong/miniconda3/shell/condabin/conda-hook.ps1
no change     /home/wangxinrong/miniconda3/lib/python3.12/site-packages/xontrib/conda.xsh
no change     /home/wangxinrong/miniconda3/etc/profile.d/conda.csh
no change     /home/wangxinrong/.bashrc
No action taken.

CondaError: Run 'conda init' before 'conda activate'

[2024-12-27 19:08:31,663] [INFO] [real_accelerator.py:158:get_accelerator] Setting ds_accelerator to cuda (auto detect)
/home/wangxinrong/miniconda3/envs/cuda-11.7/lib/python3.10/site-packages/torchvision/datapoints/__init__.py:12: UserWarning: The torchvision.datapoints and torchvision.transforms.v2 namespaces are still Beta. While we do not expect major breaking changes, some APIs may still change according to user feedback. Please submit any feedback you may have in this issue: https://github.com/pytorch/vision/issues/6753, and you can also check out https://github.com/pytorch/vision/issues/7319 to learn more about the APIs that we suspect might involve future changes. You can silence this warning by calling torchvision.disable_beta_transforms_warning().
  warnings.warn(_BETA_TRANSFORMS_WARNING)
/home/wangxinrong/miniconda3/envs/cuda-11.7/lib/python3.10/site-packages/torchvision/transforms/v2/__init__.py:54: UserWarning: The torchvision.datapoints and torchvision.transforms.v2 namespaces are still Beta. While we do not expect major breaking changes, some APIs may still change according to user feedback. Please submit any feedback you may have in this issue: https://github.com/pytorch/vision/issues/6753, and you can also check out https://github.com/pytorch/vision/issues/7319 to learn more about the APIs that we suspect might involve future changes. You can silence this warning by calling torchvision.disable_beta_transforms_warning().
  warnings.warn(_BETA_TRANSFORMS_WARNING)
WARNING:torch.distributed.run:
*****************************************
Setting OMP_NUM_THREADS environment variable for each process to be 1 in default, to avoid your system being overloaded, please further tune the variable for optimal performance in your application as needed. 
*****************************************
[2024-12-27 19:08:36,095] [INFO] [real_accelerator.py:158:get_accelerator] Setting ds_accelerator to cuda (auto detect)
[2024-12-27 19:08:36,098] [INFO] [real_accelerator.py:158:get_accelerator] Setting ds_accelerator to cuda (auto detect)
[2024-12-27 19:08:36,109] [INFO] [real_accelerator.py:158:get_accelerator] Setting ds_accelerator to cuda (auto detect)
[2024-12-27 19:08:36,113] [INFO] [real_accelerator.py:158:get_accelerator] Setting ds_accelerator to cuda (auto detect)
[2024-12-27 19:08:36,144] [INFO] [real_accelerator.py:158:get_accelerator] Setting ds_accelerator to cuda (auto detect)
[2024-12-27 19:08:36,202] [INFO] [real_accelerator.py:158:get_accelerator] Setting ds_accelerator to cuda (auto detect)
[2024-12-27 19:08:36,225] [INFO] [real_accelerator.py:158:get_accelerator] Setting ds_accelerator to cuda (auto detect)
[2024-12-27 19:08:36,235] [INFO] [real_accelerator.py:158:get_accelerator] Setting ds_accelerator to cuda (auto detect)
/home/wangxinrong/miniconda3/envs/cuda-11.7/lib/python3.10/site-packages/torchvision/datapoints/__init__.py:12: UserWarning: The torchvision.datapoints and torchvision.transforms.v2 namespaces are still Beta. While we do not expect major breaking changes, some APIs may still change according to user feedback. Please submit any feedback you may have in this issue: https://github.com/pytorch/vision/issues/6753, and you can also check out https://github.com/pytorch/vision/issues/7319 to learn more about the APIs that we suspect might involve future changes. You can silence this warning by calling torchvision.disable_beta_transforms_warning().
  warnings.warn(_BETA_TRANSFORMS_WARNING)
/home/wangxinrong/miniconda3/envs/cuda-11.7/lib/python3.10/site-packages/torchvision/transforms/v2/__init__.py:54: UserWarning: The torchvision.datapoints and torchvision.transforms.v2 namespaces are still Beta. While we do not expect major breaking changes, some APIs may still change according to user feedback. Please submit any feedback you may have in this issue: https://github.com/pytorch/vision/issues/6753, and you can also check out https://github.com/pytorch/vision/issues/7319 to learn more about the APIs that we suspect might involve future changes. You can silence this warning by calling torchvision.disable_beta_transforms_warning().
  warnings.warn(_BETA_TRANSFORMS_WARNING)
[2024-12-27 19:08:38,925] [INFO] [comm.py:637:init_distributed] cdb=None
[2024-12-27 19:08:38,926] [INFO] [comm.py:668:init_distributed] Initializing TorchBackend in DeepSpeed with backend nccl
/home/wangxinrong/miniconda3/envs/cuda-11.7/lib/python3.10/site-packages/torchvision/datapoints/__init__.py:12: UserWarning: The torchvision.datapoints and torchvision.transforms.v2 namespaces are still Beta. While we do not expect major breaking changes, some APIs may still change according to user feedback. Please submit any feedback you may have in this issue: https://github.com/pytorch/vision/issues/6753, and you can also check out https://github.com/pytorch/vision/issues/7319 to learn more about the APIs that we suspect might involve future changes. You can silence this warning by calling torchvision.disable_beta_transforms_warning().
  warnings.warn(_BETA_TRANSFORMS_WARNING)
/home/wangxinrong/miniconda3/envs/cuda-11.7/lib/python3.10/site-packages/torchvision/transforms/v2/__init__.py:54: UserWarning: The torchvision.datapoints and torchvision.transforms.v2 namespaces are still Beta. While we do not expect major breaking changes, some APIs may still change according to user feedback. Please submit any feedback you may have in this issue: https://github.com/pytorch/vision/issues/6753, and you can also check out https://github.com/pytorch/vision/issues/7319 to learn more about the APIs that we suspect might involve future changes. You can silence this warning by calling torchvision.disable_beta_transforms_warning().
  warnings.warn(_BETA_TRANSFORMS_WARNING)
/home/wangxinrong/miniconda3/envs/cuda-11.7/lib/python3.10/site-packages/torchvision/datapoints/__init__.py:12: UserWarning: The torchvision.datapoints and torchvision.transforms.v2 namespaces are still Beta. While we do not expect major breaking changes, some APIs may still change according to user feedback. Please submit any feedback you may have in this issue: https://github.com/pytorch/vision/issues/6753, and you can also check out https://github.com/pytorch/vision/issues/7319 to learn more about the APIs that we suspect might involve future changes. You can silence this warning by calling torchvision.disable_beta_transforms_warning().
  warnings.warn(_BETA_TRANSFORMS_WARNING)
[2024-12-27 19:08:38,962] [INFO] [comm.py:637:init_distributed] cdb=None
/home/wangxinrong/miniconda3/envs/cuda-11.7/lib/python3.10/site-packages/torchvision/transforms/v2/__init__.py:54: UserWarning: The torchvision.datapoints and torchvision.transforms.v2 namespaces are still Beta. While we do not expect major breaking changes, some APIs may still change according to user feedback. Please submit any feedback you may have in this issue: https://github.com/pytorch/vision/issues/6753, and you can also check out https://github.com/pytorch/vision/issues/7319 to learn more about the APIs that we suspect might involve future changes. You can silence this warning by calling torchvision.disable_beta_transforms_warning().
  warnings.warn(_BETA_TRANSFORMS_WARNING)
/home/wangxinrong/miniconda3/envs/cuda-11.7/lib/python3.10/site-packages/torchvision/datapoints/__init__.py:12: UserWarning: The torchvision.datapoints and torchvision.transforms.v2 namespaces are still Beta. While we do not expect major breaking changes, some APIs may still change according to user feedback. Please submit any feedback you may have in this issue: https://github.com/pytorch/vision/issues/6753, and you can also check out https://github.com/pytorch/vision/issues/7319 to learn more about the APIs that we suspect might involve future changes. You can silence this warning by calling torchvision.disable_beta_transforms_warning().
  warnings.warn(_BETA_TRANSFORMS_WARNING)
[2024-12-27 19:08:38,986] [INFO] [comm.py:637:init_distributed] cdb=None
/home/wangxinrong/miniconda3/envs/cuda-11.7/lib/python3.10/site-packages/torchvision/transforms/v2/__init__.py:54: UserWarning: The torchvision.datapoints and torchvision.transforms.v2 namespaces are still Beta. While we do not expect major breaking changes, some APIs may still change according to user feedback. Please submit any feedback you may have in this issue: https://github.com/pytorch/vision/issues/6753, and you can also check out https://github.com/pytorch/vision/issues/7319 to learn more about the APIs that we suspect might involve future changes. You can silence this warning by calling torchvision.disable_beta_transforms_warning().
  warnings.warn(_BETA_TRANSFORMS_WARNING)
[2024-12-27 19:08:39,006] [INFO] [comm.py:637:init_distributed] cdb=None
/home/wangxinrong/miniconda3/envs/cuda-11.7/lib/python3.10/site-packages/torchvision/datapoints/__init__.py:12: UserWarning: The torchvision.datapoints and torchvision.transforms.v2 namespaces are still Beta. While we do not expect major breaking changes, some APIs may still change according to user feedback. Please submit any feedback you may have in this issue: https://github.com/pytorch/vision/issues/6753, and you can also check out https://github.com/pytorch/vision/issues/7319 to learn more about the APIs that we suspect might involve future changes. You can silence this warning by calling torchvision.disable_beta_transforms_warning().
  warnings.warn(_BETA_TRANSFORMS_WARNING)
/home/wangxinrong/miniconda3/envs/cuda-11.7/lib/python3.10/site-packages/torchvision/transforms/v2/__init__.py:54: UserWarning: The torchvision.datapoints and torchvision.transforms.v2 namespaces are still Beta. While we do not expect major breaking changes, some APIs may still change according to user feedback. Please submit any feedback you may have in this issue: https://github.com/pytorch/vision/issues/6753, and you can also check out https://github.com/pytorch/vision/issues/7319 to learn more about the APIs that we suspect might involve future changes. You can silence this warning by calling torchvision.disable_beta_transforms_warning().
  warnings.warn(_BETA_TRANSFORMS_WARNING)
/home/wangxinrong/miniconda3/envs/cuda-11.7/lib/python3.10/site-packages/torchvision/datapoints/__init__.py:12: UserWarning: The torchvision.datapoints and torchvision.transforms.v2 namespaces are still Beta. While we do not expect major breaking changes, some APIs may still change according to user feedback. Please submit any feedback you may have in this issue: https://github.com/pytorch/vision/issues/6753, and you can also check out https://github.com/pytorch/vision/issues/7319 to learn more about the APIs that we suspect might involve future changes. You can silence this warning by calling torchvision.disable_beta_transforms_warning().
  warnings.warn(_BETA_TRANSFORMS_WARNING)
[2024-12-27 19:08:39,059] [INFO] [comm.py:637:init_distributed] cdb=None
/home/wangxinrong/miniconda3/envs/cuda-11.7/lib/python3.10/site-packages/torchvision/datapoints/__init__.py:12: UserWarning: The torchvision.datapoints and torchvision.transforms.v2 namespaces are still Beta. While we do not expect major breaking changes, some APIs may still change according to user feedback. Please submit any feedback you may have in this issue: https://github.com/pytorch/vision/issues/6753, and you can also check out https://github.com/pytorch/vision/issues/7319 to learn more about the APIs that we suspect might involve future changes. You can silence this warning by calling torchvision.disable_beta_transforms_warning().
  warnings.warn(_BETA_TRANSFORMS_WARNING)
/home/wangxinrong/miniconda3/envs/cuda-11.7/lib/python3.10/site-packages/torchvision/transforms/v2/__init__.py:54: UserWarning: The torchvision.datapoints and torchvision.transforms.v2 namespaces are still Beta. While we do not expect major breaking changes, some APIs may still change according to user feedback. Please submit any feedback you may have in this issue: https://github.com/pytorch/vision/issues/6753, and you can also check out https://github.com/pytorch/vision/issues/7319 to learn more about the APIs that we suspect might involve future changes. You can silence this warning by calling torchvision.disable_beta_transforms_warning().
  warnings.warn(_BETA_TRANSFORMS_WARNING)
/home/wangxinrong/miniconda3/envs/cuda-11.7/lib/python3.10/site-packages/torchvision/transforms/v2/__init__.py:54: UserWarning: The torchvision.datapoints and torchvision.transforms.v2 namespaces are still Beta. While we do not expect major breaking changes, some APIs may still change according to user feedback. Please submit any feedback you may have in this issue: https://github.com/pytorch/vision/issues/6753, and you can also check out https://github.com/pytorch/vision/issues/7319 to learn more about the APIs that we suspect might involve future changes. You can silence this warning by calling torchvision.disable_beta_transforms_warning().
  warnings.warn(_BETA_TRANSFORMS_WARNING)
[2024-12-27 19:08:39,085] [INFO] [comm.py:637:init_distributed] cdb=None
[2024-12-27 19:08:39,088] [INFO] [comm.py:637:init_distributed] cdb=None
/home/wangxinrong/miniconda3/envs/cuda-11.7/lib/python3.10/site-packages/torchvision/datapoints/__init__.py:12: UserWarning: The torchvision.datapoints and torchvision.transforms.v2 namespaces are still Beta. While we do not expect major breaking changes, some APIs may still change according to user feedback. Please submit any feedback you may have in this issue: https://github.com/pytorch/vision/issues/6753, and you can also check out https://github.com/pytorch/vision/issues/7319 to learn more about the APIs that we suspect might involve future changes. You can silence this warning by calling torchvision.disable_beta_transforms_warning().
  warnings.warn(_BETA_TRANSFORMS_WARNING)
/home/wangxinrong/miniconda3/envs/cuda-11.7/lib/python3.10/site-packages/torchvision/transforms/v2/__init__.py:54: UserWarning: The torchvision.datapoints and torchvision.transforms.v2 namespaces are still Beta. While we do not expect major breaking changes, some APIs may still change according to user feedback. Please submit any feedback you may have in this issue: https://github.com/pytorch/vision/issues/6753, and you can also check out https://github.com/pytorch/vision/issues/7319 to learn more about the APIs that we suspect might involve future changes. You can silence this warning by calling torchvision.disable_beta_transforms_warning().
  warnings.warn(_BETA_TRANSFORMS_WARNING)
[2024-12-27 19:08:39,212] [INFO] [comm.py:637:init_distributed] cdb=None
Detected kernel version 5.4.0, which is below the recommended minimum of 5.5.0; this can cause the process to hang. It is recommended to upgrade the kernel to the minimum version or higher.
{'model_name_or_path': '/home/wangxinrong/.cache/modelscope/hub/ZhipuAI/glm-4-9b-chat', 'tokenizer_name_or_path': '/home/wangxinrong/.cache/modelscope/hub/ZhipuAI/glm-4-9b-chat', 'model_dir': '/share/finetune/ppo_paper_final_new/_models_outputs_sft/zhouyi_glm4_sft/', 'train_file': 'data/my_data/zhouyi_train.json', 'test_file': 'data/my_data/zhouyi_test.json', 'batch_size': 1, 'eval_batch_size': 1, 'n_epochs': 40, 'num_workers': 8, 'learning_rate': 1e-05, 'weight_decay': 0.0, 'warmup_step': None, 'clip_grad_norm': 1.0, 'evaluating_epoch_freq': 1, 'logging_epoch_freq': 1, 'saving_epoch_freq': 1, 'evaluating_step_freq': None, 'logging_step_freq': 10, 'saving_step_freq': None, 'seed': 42, 'max_input_length': 512, 'max_gen_length': 512, 'gradient_accumulation_steps': 2, 'keep_num_ckpt': 1, 'wandb_log': False, 'wandb_project': 'ReFT', 'wandb_run_name': 'zhouyi_glm4_sft', 'engine': 'nl'}
{
  "model_name_or_path": "/home/wangxinrong/.cache/modelscope/hub/ZhipuAI/glm-4-9b-chat",
  "tokenizer_name_or_path": "/home/wangxinrong/.cache/modelscope/hub/ZhipuAI/glm-4-9b-chat",
  "model_dir": "/share/finetune/ppo_paper_final_new/_models_outputs_sft/zhouyi_glm4_sft/",
  "train_file": "data/my_data/zhouyi_train.json",
  "test_file": "data/my_data/zhouyi_test.json",
  "batch_size": 1,
  "eval_batch_size": 1,
  "n_epochs": 40,
  "num_workers": 8,
  "learning_rate": 1e-05,
  "weight_decay": 0.0,
  "warmup_step": null,
  "clip_grad_norm": 1.0,
  "evaluating_epoch_freq": 1,
  "logging_epoch_freq": 1,
  "saving_epoch_freq": 1,
  "evaluating_step_freq": null,
  "logging_step_freq": 10,
  "saving_step_freq": null,
  "seed": 42,
  "max_input_length": 512,
  "max_gen_length": 512,
  "gradient_accumulation_steps": 2,
  "keep_num_ckpt": 1,
  "wandb_log": false,
  "wandb_project": "ReFT",
  "wandb_run_name": "zhouyi_glm4_sft",
  "engine": "nl"
}
Raw data: DatasetDict({
    train: Dataset({
        features: ['item_id', 'question', 'answer_cot', 'answer_value'],
        num_rows: 12
    })
    test: Dataset({
        features: ['item_id', 'question', 'answer_cot', 'answer_value'],
        num_rows: 1
    })
})
Using instruction: Question:

Using cot_trigger: 
Answer reasoning:

Using answer_trigger: 
因此，答案是：
Setting TOKENIZERS_PARALLELISM=false for forked processes.
Map (num_proc=8):   0%|          | 0/12 [00:00<?, ? examples/s]Map (num_proc=8):  17%|█▋        | 2/12 [00:01<00:06,  1.43 examples/s]Map (num_proc=8):  33%|███▎      | 4/12 [00:02<00:04,  1.60 examples/s]Map (num_proc=8):  50%|█████     | 6/12 [00:03<00:03,  1.54 examples/s]Map (num_proc=8):  67%|██████▋   | 8/12 [00:05<00:02,  1.60 examples/s]Map (num_proc=8):  75%|███████▌  | 9/12 [00:06<00:02,  1.38 examples/s]Map (num_proc=8):  83%|████████▎ | 10/12 [00:07<00:01,  1.23 examples/s]Map (num_proc=8):  92%|█████████▏| 11/12 [00:08<00:00,  1.13 examples/s]Map (num_proc=8): 100%|██████████| 12/12 [00:09<00:00,  1.07 examples/s]Map (num_proc=8): 100%|██████████| 12/12 [00:09<00:00,  1.26 examples/s]
num_proc must be <= 1. Reducing num_proc to 1 for dataset of size 1.
Map:   0%|          | 0/1 [00:00<?, ? examples/s]Map: 100%|██████████| 1/1 [00:00<00:00, 89.26 examples/s]
Processed data: DatasetDict({
    train: Dataset({
        features: ['item_id', 'question', 'answer_cot', 'answer_value', 'input_ids', 'labels', 'attention_mask', 'prefix', 'prefix_attention_mask', 'input_ids_max_length'],
        num_rows: 12
    })
    test: Dataset({
        features: ['item_id', 'question', 'answer_cot', 'answer_value', 'input_ids', 'labels', 'attention_mask', 'prefix', 'prefix_attention_mask', 'input_ids_max_length'],
        num_rows: 1
    })
})
train train_input_ids_max_length 846
test test_input_ids_max_length 840
Setting TOKENIZERS_PARALLELISM=false for forked processes.
Setting TOKENIZERS_PARALLELISM=false for forked processes.
Setting TOKENIZERS_PARALLELISM=false for forked processes.
Setting TOKENIZERS_PARALLELISM=false for forked processes.
Setting TOKENIZERS_PARALLELISM=false for forked processes.
Setting TOKENIZERS_PARALLELISM=false for forked processes.
Setting TOKENIZERS_PARALLELISM=false for forked processes.
Map (num_proc=8):   0%|          | 0/12 [00:00<?, ? examples/s]Map (num_proc=8):   0%|          | 0/12 [00:00<?, ? examples/s]Map (num_proc=8):   0%|          | 0/12 [00:00<?, ? examples/s]Map (num_proc=8):   0%|          | 0/12 [00:00<?, ? examples/s]Map (num_proc=8):   0%|          | 0/12 [00:00<?, ? examples/s]Map (num_proc=8):   0%|          | 0/12 [00:00<?, ? examples/s]Map (num_proc=8):   0%|          | 0/12 [00:00<?, ? examples/s]Map (num_proc=8):  17%|█▋        | 2/12 [00:01<00:07,  1.34 examples/s]Map (num_proc=8):  17%|█▋        | 2/12 [00:01<00:07,  1.38 examples/s]Map (num_proc=8):  17%|█▋        | 2/12 [00:01<00:07,  1.32 examples/s]Map (num_proc=8):  17%|█▋        | 2/12 [00:01<00:07,  1.33 examples/s]Map (num_proc=8):  17%|█▋        | 2/12 [00:01<00:07,  1.30 examples/s]Map (num_proc=8):  17%|█▋        | 2/12 [00:01<00:07,  1.33 examples/s]Map (num_proc=8):  17%|█▋        | 2/12 [00:01<00:07,  1.27 examples/s]Map (num_proc=8):  33%|███▎      | 4/12 [00:02<00:04,  1.62 examples/s]Map (num_proc=8):  33%|███▎      | 4/12 [00:02<00:05,  1.53 examples/s]Map (num_proc=8):  33%|███▎      | 4/12 [00:02<00:05,  1.51 examples/s]Map (num_proc=8):  33%|███▎      | 4/12 [00:02<00:05,  1.52 examples/s]Map (num_proc=8):  33%|███▎      | 4/12 [00:02<00:05,  1.52 examples/s]Map (num_proc=8):  33%|███▎      | 4/12 [00:02<00:05,  1.51 examples/s]Map (num_proc=8):  33%|███▎      | 4/12 [00:02<00:05,  1.49 examples/s]Map (num_proc=8):  50%|█████     | 6/12 [00:04<00:04,  1.42 examples/s]Map (num_proc=8):  50%|█████     | 6/12 [00:04<00:04,  1.43 examples/s]Map (num_proc=8):  50%|█████     | 6/12 [00:04<00:04,  1.39 examples/s]Map (num_proc=8):  50%|█████     | 6/12 [00:04<00:04,  1.38 examples/s]Map (num_proc=8):  50%|█████     | 6/12 [00:04<00:04,  1.37 examples/s]Map (num_proc=8):  50%|█████     | 6/12 [00:04<00:04,  1.41 examples/s]Map (num_proc=8):  50%|█████     | 6/12 [00:04<00:04,  1.37 examples/s]Map (num_proc=8):  67%|██████▋   | 8/12 [00:05<00:02,  1.56 examples/s]Map (num_proc=8):  67%|██████▋   | 8/12 [00:05<00:02,  1.55 examples/s]Map (num_proc=8):  67%|██████▋   | 8/12 [00:05<00:02,  1.52 examples/s]Map (num_proc=8):  67%|██████▋   | 8/12 [00:05<00:02,  1.52 examples/s]Map (num_proc=8):  67%|██████▋   | 8/12 [00:05<00:02,  1.54 examples/s]Map (num_proc=8):  67%|██████▋   | 8/12 [00:05<00:02,  1.47 examples/s]Map (num_proc=8):  67%|██████▋   | 8/12 [00:05<00:02,  1.45 examples/s]Map (num_proc=8):  75%|███████▌  | 9/12 [00:06<00:02,  1.36 examples/s]Map (num_proc=8):  75%|███████▌  | 9/12 [00:06<00:02,  1.33 examples/s]Map (num_proc=8):  75%|███████▌  | 9/12 [00:06<00:02,  1.31 examples/s]Map (num_proc=8):  75%|███████▌  | 9/12 [00:06<00:02,  1.31 examples/s]Map (num_proc=8):  75%|███████▌  | 9/12 [00:06<00:02,  1.25 examples/s]Map (num_proc=8):  75%|███████▌  | 9/12 [00:06<00:02,  1.24 examples/s]Map (num_proc=8):  75%|███████▌  | 9/12 [00:06<00:02,  1.27 examples/s]Map (num_proc=8):  83%|████████▎ | 10/12 [00:07<00:01,  1.22 examples/s]Map (num_proc=8):  83%|████████▎ | 10/12 [00:07<00:01,  1.17 examples/s]Map (num_proc=8):  83%|████████▎ | 10/12 [00:07<00:01,  1.17 examples/s]Map (num_proc=8):  83%|████████▎ | 10/12 [00:07<00:01,  1.16 examples/s]Map (num_proc=8):  83%|████████▎ | 10/12 [00:07<00:01,  1.11 examples/s]Map (num_proc=8):  83%|████████▎ | 10/12 [00:07<00:01,  1.11 examples/s]Map (num_proc=8):  83%|████████▎ | 10/12 [00:08<00:01,  1.11 examples/s]Map (num_proc=8):  92%|█████████▏| 11/12 [00:08<00:00,  1.13 examples/s]Map (num_proc=8):  92%|█████████▏| 11/12 [00:08<00:00,  1.08 examples/s]Map (num_proc=8):  92%|█████████▏| 11/12 [00:08<00:00,  1.06 examples/s]Map (num_proc=8):  92%|█████████▏| 11/12 [00:08<00:00,  1.06 examples/s]Map (num_proc=8):  92%|█████████▏| 11/12 [00:09<00:00,  1.03 examples/s]Map (num_proc=8):  92%|█████████▏| 11/12 [00:09<00:00,  1.03 examples/s]Map (num_proc=8):  92%|█████████▏| 11/12 [00:09<00:00,  1.02 examples/s]Map (num_proc=8): 100%|██████████| 12/12 [00:09<00:00,  1.08 examples/s]Map (num_proc=8): 100%|██████████| 12/12 [00:09<00:00,  1.25 examples/s]
num_proc must be <= 1. Reducing num_proc to 1 for dataset of size 1.
Map (num_proc=8): 100%|██████████| 12/12 [00:09<00:00,  1.01 examples/s]Map (num_proc=8): 100%|██████████| 12/12 [00:10<00:00,  1.01 examples/s]Map (num_proc=8): 100%|██████████| 12/12 [00:10<00:00,  1.01s/ examples]Map (num_proc=8): 100%|██████████| 12/12 [00:10<00:00,  1.19 examples/s]
Map (num_proc=8): 100%|██████████| 12/12 [00:10<00:00,  1.18 examples/s]
num_proc must be <= 1. Reducing num_proc to 1 for dataset of size 1.
Map (num_proc=8): 100%|██████████| 12/12 [00:10<00:00,  1.18 examples/s]
num_proc must be <= 1. Reducing num_proc to 1 for dataset of size 1.
num_proc must be <= 1. Reducing num_proc to 1 for dataset of size 1.
Map (num_proc=8): 100%|██████████| 12/12 [00:10<00:00,  1.02s/ examples]Map (num_proc=8): 100%|██████████| 12/12 [00:10<00:00,  1.02s/ examples]Map (num_proc=8): 100%|██████████| 12/12 [00:10<00:00,  1.15 examples/s]
Map (num_proc=8): 100%|██████████| 12/12 [00:10<00:00,  1.16 examples/s]
Map (num_proc=8): 100%|██████████| 12/12 [00:10<00:00,  1.05s/ examples]num_proc must be <= 1. Reducing num_proc to 1 for dataset of size 1.
num_proc must be <= 1. Reducing num_proc to 1 for dataset of size 1.
Map (num_proc=8): 100%|██████████| 12/12 [00:10<00:00,  1.14 examples/s]
num_proc must be <= 1. Reducing num_proc to 1 for dataset of size 1.
Map:   0%|          | 0/1 [00:00<?, ? examples/s]Map: 100%|██████████| 1/1 [00:00<00:00, 54.12 examples/s]
Map:   0%|          | 0/1 [00:00<?, ? examples/s]Map: 100%|██████████| 1/1 [00:00<00:00, 103.05 examples/s]
Map:   0%|          | 0/1 [00:00<?, ? examples/s]Map: 100%|██████████| 1/1 [00:00<00:00, 108.93 examples/s]
Map:   0%|          | 0/1 [00:00<?, ? examples/s]Map: 100%|██████████| 1/1 [00:00<00:00, 91.58 examples/s]
Map:   0%|          | 0/1 [00:00<?, ? examples/s]Map: 100%|██████████| 1/1 [00:00<00:00, 89.46 examples/s]
Map:   0%|          | 0/1 [00:00<?, ? examples/s]Map: 100%|██████████| 1/1 [00:00<00:00, 53.40 examples/s]
Map:   0%|          | 0/1 [00:00<?, ? examples/s]Map: 100%|██████████| 1/1 [00:00<00:00, 81.74 examples/s]
[2024-12-27 19:09:15,242] [INFO] [partition_parameters.py:347:__exit__] finished initializing model - num_params = 283, num_elems = 9.40B
Loading checkpoint shards:   0%|          | 0/10 [00:00<?, ?it/s]Loading checkpoint shards:   0%|          | 0/10 [00:00<?, ?it/s]Loading checkpoint shards:   0%|          | 0/10 [00:00<?, ?it/s]Loading checkpoint shards:   0%|          | 0/10 [00:00<?, ?it/s]Loading checkpoint shards:   0%|          | 0/10 [00:00<?, ?it/s]Loading checkpoint shards:   0%|          | 0/10 [00:00<?, ?it/s]Loading checkpoint shards:   0%|          | 0/10 [00:00<?, ?it/s]Loading checkpoint shards:   0%|          | 0/10 [00:00<?, ?it/s]Loading checkpoint shards:  10%|█         | 1/10 [00:02<00:18,  2.05s/it]Loading checkpoint shards:  10%|█         | 1/10 [00:02<00:18,  2.06s/it]Loading checkpoint shards:  10%|█         | 1/10 [00:02<00:18,  2.07s/it]Loading checkpoint shards:  10%|█         | 1/10 [00:02<00:18,  2.09s/it]Loading checkpoint shards:  10%|█         | 1/10 [00:02<00:19,  2.12s/it]Loading checkpoint shards:  10%|█         | 1/10 [00:02<00:19,  2.14s/it]Loading checkpoint shards:  10%|█         | 1/10 [00:02<00:19,  2.17s/it]Loading checkpoint shards:  10%|█         | 1/10 [00:02<00:19,  2.18s/it]Loading checkpoint shards:  20%|██        | 2/10 [00:04<00:15,  2.00s/it]Loading checkpoint shards:  20%|██        | 2/10 [00:04<00:16,  2.01s/it]Loading checkpoint shards:  20%|██        | 2/10 [00:04<00:16,  2.02s/it]Loading checkpoint shards:  20%|██        | 2/10 [00:04<00:16,  2.02s/it]Loading checkpoint shards:  20%|██        | 2/10 [00:04<00:15,  1.99s/it]Loading checkpoint shards:  20%|██        | 2/10 [00:04<00:16,  2.05s/it]Loading checkpoint shards:  20%|██        | 2/10 [00:04<00:16,  2.03s/it]Loading checkpoint shards:  20%|██        | 2/10 [00:04<00:16,  2.06s/it]Loading checkpoint shards:  30%|███       | 3/10 [00:06<00:14,  2.06s/it]Loading checkpoint shards:  30%|███       | 3/10 [00:06<00:14,  2.05s/it]Loading checkpoint shards:  30%|███       | 3/10 [00:06<00:14,  2.07s/it]Loading checkpoint shards:  30%|███       | 3/10 [00:06<00:14,  2.06s/it]Loading checkpoint shards:  30%|███       | 3/10 [00:06<00:14,  2.09s/it]Loading checkpoint shards:  30%|███       | 3/10 [00:06<00:14,  2.10s/it]Loading checkpoint shards:  30%|███       | 3/10 [00:06<00:14,  2.12s/it]Loading checkpoint shards:  30%|███       | 3/10 [00:06<00:14,  2.13s/it]Loading checkpoint shards:  40%|████      | 4/10 [00:08<00:12,  2.08s/it]Loading checkpoint shards:  40%|████      | 4/10 [00:08<00:12,  2.07s/it]Loading checkpoint shards:  40%|████      | 4/10 [00:08<00:12,  2.09s/it]Loading checkpoint shards:  40%|████      | 4/10 [00:08<00:12,  2.07s/it]Loading checkpoint shards:  40%|████      | 4/10 [00:08<00:12,  2.10s/it]Loading checkpoint shards:  40%|████      | 4/10 [00:08<00:12,  2.07s/it]Loading checkpoint shards:  40%|████      | 4/10 [00:08<00:12,  2.11s/it]Loading checkpoint shards:  40%|████      | 4/10 [00:08<00:12,  2.09s/it]Loading checkpoint shards:  50%|█████     | 5/10 [00:10<00:09,  1.95s/it]Loading checkpoint shards:  50%|█████     | 5/10 [00:10<00:09,  1.96s/it]Loading checkpoint shards:  50%|█████     | 5/10 [00:10<00:09,  1.98s/it]Loading checkpoint shards:  50%|█████     | 5/10 [00:10<00:09,  1.98s/it]Loading checkpoint shards:  50%|█████     | 5/10 [00:10<00:09,  1.99s/it]Loading checkpoint shards:  50%|█████     | 5/10 [00:10<00:10,  2.00s/it]Loading checkpoint shards:  50%|█████     | 5/10 [00:10<00:09,  1.99s/it]Loading checkpoint shards:  50%|█████     | 5/10 [00:10<00:10,  2.02s/it]Loading checkpoint shards:  60%|██████    | 6/10 [00:12<00:07,  1.97s/it]Loading checkpoint shards:  60%|██████    | 6/10 [00:12<00:07,  1.98s/it]Loading checkpoint shards:  60%|██████    | 6/10 [00:12<00:07,  1.99s/it]Loading checkpoint shards:  60%|██████    | 6/10 [00:12<00:07,  1.99s/it]Loading checkpoint shards:  60%|██████    | 6/10 [00:12<00:07,  1.98s/it]Loading checkpoint shards:  60%|██████    | 6/10 [00:12<00:07,  1.99s/it]Loading checkpoint shards:  60%|██████    | 6/10 [00:12<00:07,  1.99s/it]Loading checkpoint shards:  60%|██████    | 6/10 [00:12<00:07,  1.99s/it]Loading checkpoint shards:  70%|███████   | 7/10 [00:13<00:05,  1.96s/it]Loading checkpoint shards:  70%|███████   | 7/10 [00:13<00:05,  1.96s/it]Loading checkpoint shards:  70%|███████   | 7/10 [00:14<00:05,  1.97s/it]Loading checkpoint shards:  70%|███████   | 7/10 [00:14<00:05,  1.97s/it]Loading checkpoint shards:  70%|███████   | 7/10 [00:14<00:05,  1.97s/it]Loading checkpoint shards:  70%|███████   | 7/10 [00:14<00:05,  1.98s/it]Loading checkpoint shards:  70%|███████   | 7/10 [00:14<00:05,  1.97s/it]Loading checkpoint shards:  70%|███████   | 7/10 [00:14<00:05,  1.96s/it]Loading checkpoint shards:  80%|████████  | 8/10 [00:15<00:03,  1.90s/it]Loading checkpoint shards:  80%|████████  | 8/10 [00:15<00:03,  1.90s/it]Loading checkpoint shards:  80%|████████  | 8/10 [00:15<00:03,  1.91s/it]Loading checkpoint shards:  80%|████████  | 8/10 [00:15<00:03,  1.91s/it]Loading checkpoint shards:  80%|████████  | 8/10 [00:15<00:03,  1.91s/it]Loading checkpoint shards:  80%|████████  | 8/10 [00:15<00:03,  1.92s/it]Loading checkpoint shards:  80%|████████  | 8/10 [00:15<00:03,  1.92s/it]Loading checkpoint shards:  80%|████████  | 8/10 [00:15<00:03,  1.94s/it]Loading checkpoint shards:  90%|█████████ | 9/10 [00:17<00:01,  1.92s/it]Loading checkpoint shards:  90%|█████████ | 9/10 [00:17<00:01,  1.93s/it]Loading checkpoint shards:  90%|█████████ | 9/10 [00:17<00:01,  1.92s/it]Loading checkpoint shards:  90%|█████████ | 9/10 [00:17<00:01,  1.93s/it]Loading checkpoint shards:  90%|█████████ | 9/10 [00:17<00:01,  1.92s/it]Loading checkpoint shards:  90%|█████████ | 9/10 [00:17<00:01,  1.93s/it]Loading checkpoint shards:  90%|█████████ | 9/10 [00:17<00:01,  1.93s/it]Loading checkpoint shards:  90%|█████████ | 9/10 [00:17<00:01,  1.92s/it]Loading checkpoint shards: 100%|██████████| 10/10 [00:19<00:00,  1.83s/it]Loading checkpoint shards: 100%|██████████| 10/10 [00:19<00:00,  1.94s/it]
Loading checkpoint shards: 100%|██████████| 10/10 [00:19<00:00,  1.83s/it]Loading checkpoint shards: 100%|██████████| 10/10 [00:19<00:00,  1.94s/it]
Loading checkpoint shards: 100%|██████████| 10/10 [00:19<00:00,  1.84s/it]Loading checkpoint shards: 100%|██████████| 10/10 [00:19<00:00,  1.94s/it]
Loading checkpoint shards: 100%|██████████| 10/10 [00:19<00:00,  1.84s/it]Loading checkpoint shards: 100%|██████████| 10/10 [00:19<00:00,  1.94s/it]
Loading checkpoint shards: 100%|██████████| 10/10 [00:19<00:00,  1.83s/it]Loading checkpoint shards: 100%|██████████| 10/10 [00:19<00:00,  1.94s/it]
Loading checkpoint shards: 100%|██████████| 10/10 [00:19<00:00,  1.84s/it]Loading checkpoint shards: 100%|██████████| 10/10 [00:19<00:00,  1.94s/it]
Loading checkpoint shards: 100%|██████████| 10/10 [00:19<00:00,  1.83s/it]Loading checkpoint shards: 100%|██████████| 10/10 [00:19<00:00,  1.95s/it]
[Vocab size]: 151344
Loading checkpoint shards: 100%|██████████| 10/10 [00:19<00:00,  1.85s/it]Loading checkpoint shards: 100%|██████████| 10/10 [00:19<00:00,  1.95s/it]
/home/wangxinrong/miniconda3/envs/cuda-11.7/lib/python3.10/site-packages/transformers/optimization.py:591: FutureWarning: This implementation of AdamW is deprecated and will be removed in a future version. Use the PyTorch implementation torch.optim.AdamW instead, or set `no_deprecation_warning=True` to disable this warning
  warnings.warn(
***** Running training *****
  Num examples = 12
  Num Epochs = 40
  Instantaneous batch size per device = 1
  Total train batch size (w. parallel, distributed & accumulation) = 16
  Total optimization steps = 20
  Warm up step: 2
  Learning rate: 1e-05

/home/wangxinrong/miniconda3/envs/cuda-11.7/lib/python3.10/site-packages/transformers/optimization.py:591: FutureWarning: This implementation of AdamW is deprecated and will be removed in a future version. Use the PyTorch implementation torch.optim.AdamW instead, or set `no_deprecation_warning=True` to disable this warning
  warnings.warn(
/home/wangxinrong/miniconda3/envs/cuda-11.7/lib/python3.10/site-packages/transformers/optimization.py:591: FutureWarning: This implementation of AdamW is deprecated and will be removed in a future version. Use the PyTorch implementation torch.optim.AdamW instead, or set `no_deprecation_warning=True` to disable this warning
  warnings.warn(
/home/wangxinrong/miniconda3/envs/cuda-11.7/lib/python3.10/site-packages/transformers/optimization.py:591: FutureWarning: This implementation of AdamW is deprecated and will be removed in a future version. Use the PyTorch implementation torch.optim.AdamW instead, or set `no_deprecation_warning=True` to disable this warning
  warnings.warn(
/home/wangxinrong/miniconda3/envs/cuda-11.7/lib/python3.10/site-packages/transformers/optimization.py:591: FutureWarning: This implementation of AdamW is deprecated and will be removed in a future version. Use the PyTorch implementation torch.optim.AdamW instead, or set `no_deprecation_warning=True` to disable this warning
  warnings.warn(
/home/wangxinrong/miniconda3/envs/cuda-11.7/lib/python3.10/site-packages/transformers/optimization.py:591: FutureWarning: This implementation of AdamW is deprecated and will be removed in a future version. Use the PyTorch implementation torch.optim.AdamW instead, or set `no_deprecation_warning=True` to disable this warning
  warnings.warn(
/home/wangxinrong/miniconda3/envs/cuda-11.7/lib/python3.10/site-packages/transformers/optimization.py:591: FutureWarning: This implementation of AdamW is deprecated and will be removed in a future version. Use the PyTorch implementation torch.optim.AdamW instead, or set `no_deprecation_warning=True` to disable this warning
  warnings.warn(
/home/wangxinrong/miniconda3/envs/cuda-11.7/lib/python3.10/site-packages/transformers/optimization.py:591: FutureWarning: This implementation of AdamW is deprecated and will be removed in a future version. Use the PyTorch implementation torch.optim.AdamW instead, or set `no_deprecation_warning=True` to disable this warning
  warnings.warn(
Using /home/wangxinrong/.cache/torch_extensions/py310_cu117 as PyTorch extensions root...
Detected CUDA files, patching ldflags
Emitting ninja build file /home/wangxinrong/.cache/torch_extensions/py310_cu117/cpu_adam/build.ninja...
Building extension module cpu_adam...
Allowing ninja to set a default number of workers... (overridable by setting the environment variable MAX_JOBS=N)
Using /home/wangxinrong/.cache/torch_extensions/py310_cu117 as PyTorch extensions root...
ninja: no work to do.
Loading extension module cpu_adam...
Time to load cpu_adam op: 2.4539623260498047 seconds
Detected CUDA files, patching ldflags
Emitting ninja build file /home/wangxinrong/.cache/torch_extensions/py310_cu117/cpu_adam/build.ninja...
Building extension module cpu_adam...
Allowing ninja to set a default number of workers... (overridable by setting the environment variable MAX_JOBS=N)
ninja: no work to do.
Loading extension module cpu_adam...
Time to load cpu_adam op: 2.397113084793091 seconds
Using /home/wangxinrong/.cache/torch_extensions/py310_cu117 as PyTorch extensions root...
Detected CUDA files, patching ldflags
Emitting ninja build file /home/wangxinrong/.cache/torch_extensions/py310_cu117/cpu_adam/build.ninja...
Building extension module cpu_adam...
Allowing ninja to set a default number of workers... (overridable by setting the environment variable MAX_JOBS=N)
ninja: no work to do.
Loading extension module cpu_adam...
Time to load cpu_adam op: 2.437375783920288 seconds
Using /home/wangxinrong/.cache/torch_extensions/py310_cu117 as PyTorch extensions root...
Using /home/wangxinrong/.cache/torch_extensions/py310_cu117 as PyTorch extensions root...
Using /home/wangxinrong/.cache/torch_extensions/py310_cu117 as PyTorch extensions root...
Using /home/wangxinrong/.cache/torch_extensions/py310_cu117 as PyTorch extensions root...
Using /home/wangxinrong/.cache/torch_extensions/py310_cu117 as PyTorch extensions root...
Detected CUDA files, patching ldflags
Emitting ninja build file /home/wangxinrong/.cache/torch_extensions/py310_cu117/cpu_adam/build.ninja...
Building extension module cpu_adam...
Allowing ninja to set a default number of workers... (overridable by setting the environment variable MAX_JOBS=N)
ninja: no work to do.
Loading extension module cpu_adam...
Time to load cpu_adam op: 2.5727627277374268 seconds
Loading extension module cpu_adam...
Loading extension module cpu_adam...
Time to load cpu_adam op: 2.629166603088379 seconds
Time to load cpu_adam op: 2.658663272857666 seconds
Loading extension module cpu_adam...
Loading extension module cpu_adam...
Time to load cpu_adam op: 2.621438503265381 seconds
Time to load cpu_adam op: 2.664325714111328 seconds
Adam Optimizer #0 is created with AVX512 arithmetic capability.
Config: alpha=0.000010, betas=(0.900000, 0.999000), weight_decay=0.000000, adam_w=0
Adam Optimizer #0 is created with AVX512 arithmetic capability.
Config: alpha=0.000010, betas=(0.900000, 0.999000), weight_decay=0.000000, adam_w=0
Adam Optimizer #0 is created with AVX512 arithmetic capability.
Config: alpha=0.000010, betas=(0.900000, 0.999000), weight_decay=0.000000, adam_w=0
Adam Optimizer #0 is created with AVX512 arithmetic capability.
Config: alpha=0.000010, betas=(0.900000, 0.999000), weight_decay=0.000000, adam_w=0
Adam Optimizer #0 is created with AVX512 arithmetic capability.
Config: alpha=0.000010, betas=(0.900000, 0.999000), weight_decay=0.000000, adam_w=0
Adam Optimizer #0 is created with AVX512 arithmetic capability.
Config: alpha=0.000010, betas=(0.900000, 0.999000), weight_decay=0.000000, adam_w=0
Adam Optimizer #0 is created with AVX512 arithmetic capability.
Config: alpha=0.000010, betas=(0.900000, 0.999000), weight_decay=0.000000, adam_w=0
[2024-12-27 19:09:42,356] [INFO] [logging.py:96:log_dist] [Rank 0] DeepSpeed info: version=0.11.1, git-hash=unknown, git-branch=unknown
Adam Optimizer #0 is created with AVX512 arithmetic capability.
Config: alpha=0.000010, betas=(0.900000, 0.999000), weight_decay=0.000000, adam_w=0
[2024-12-27 19:09:42,376] [INFO] [logging.py:96:log_dist] [Rank 0] DeepSpeed Flops Profiler Enabled: False
[2024-12-27 19:09:42,377] [INFO] [logging.py:96:log_dist] [Rank 0] Using client Optimizer as basic optimizer
[2024-12-27 19:09:42,377] [INFO] [logging.py:96:log_dist] [Rank 0] Removing param_group that has no 'params' in the basic Optimizer
[2024-12-27 19:09:42,389] [INFO] [logging.py:96:log_dist] [Rank 0] DeepSpeed Basic Optimizer = DeepSpeedCPUAdam
[2024-12-27 19:09:42,390] [INFO] [utils.py:56:is_zero_supported_optimizer] Checking ZeRO support for optimizer=DeepSpeedCPUAdam type=<class 'deepspeed.ops.adam.cpu_adam.DeepSpeedCPUAdam'>
[2024-12-27 19:09:42,390] [INFO] [logging.py:96:log_dist] [Rank 0] Creating fp16 ZeRO stage 3 optimizer, MiCS is enabled False, Hierarchical params gather False
[2024-12-27 19:09:42,390] [INFO] [logging.py:96:log_dist] [Rank 0] Creating torch.bfloat16 ZeRO stage 3 optimizer
[2024-12-27 19:09:42,533] [INFO] [utils.py:802:see_memory_usage] Stage 3 initialize beginning
[2024-12-27 19:09:42,534] [INFO] [utils.py:803:see_memory_usage] MA 1.15 GB         Max_MA 3.47 GB         CA 4.63 GB         Max_CA 5 GB 
[2024-12-27 19:09:42,534] [INFO] [utils.py:810:see_memory_usage] CPU Virtual Memory:  used = 109.61 GB, percent = 29.1%
[2024-12-27 19:09:42,535] [INFO] [stage3.py:126:__init__] Reduce bucket size 500,000,000
[2024-12-27 19:09:42,535] [INFO] [stage3.py:127:__init__] Prefetch bucket size 50,000,000
[2024-12-27 19:09:42,667] [INFO] [utils.py:802:see_memory_usage] DeepSpeedZeRoOffload initialize [begin]
[2024-12-27 19:09:42,668] [INFO] [utils.py:803:see_memory_usage] MA 1.15 GB         Max_MA 1.15 GB         CA 4.63 GB         Max_CA 5 GB 
[2024-12-27 19:09:42,668] [INFO] [utils.py:810:see_memory_usage] CPU Virtual Memory:  used = 109.62 GB, percent = 29.1%
Parameter Offload: Total persistent parameters: 516096 in 121 params
[2024-12-27 19:09:43,260] [INFO] [utils.py:802:see_memory_usage] DeepSpeedZeRoOffload initialize [end]
[2024-12-27 19:09:43,261] [INFO] [utils.py:803:see_memory_usage] MA 0.0 GB         Max_MA 1.15 GB         CA 4.63 GB         Max_CA 5 GB 
[2024-12-27 19:09:43,261] [INFO] [utils.py:810:see_memory_usage] CPU Virtual Memory:  used = 110.78 GB, percent = 29.4%
[2024-12-27 19:09:43,398] [INFO] [utils.py:802:see_memory_usage] Before creating fp16 partitions
[2024-12-27 19:09:43,399] [INFO] [utils.py:803:see_memory_usage] MA 0.0 GB         Max_MA 0.0 GB         CA 4.63 GB         Max_CA 5 GB 
[2024-12-27 19:09:43,399] [INFO] [utils.py:810:see_memory_usage] CPU Virtual Memory:  used = 110.78 GB, percent = 29.4%
[2024-12-27 19:09:48,659] [INFO] [utils.py:802:see_memory_usage] After creating fp16 partitions: 3
[2024-12-27 19:09:48,660] [INFO] [utils.py:803:see_memory_usage] MA 0.0 GB         Max_MA 0.0 GB         CA 4.63 GB         Max_CA 5 GB 
[2024-12-27 19:09:48,660] [INFO] [utils.py:810:see_memory_usage] CPU Virtual Memory:  used = 133.63 GB, percent = 35.5%
[2024-12-27 19:09:48,828] [INFO] [utils.py:802:see_memory_usage] Before creating fp32 partitions
[2024-12-27 19:09:48,828] [INFO] [utils.py:803:see_memory_usage] MA 0.0 GB         Max_MA 0.0 GB         CA 4.63 GB         Max_CA 5 GB 
[2024-12-27 19:09:48,828] [INFO] [utils.py:810:see_memory_usage] CPU Virtual Memory:  used = 134.9 GB, percent = 35.8%
[2024-12-27 19:09:53,455] [INFO] [utils.py:802:see_memory_usage] After creating fp32 partitions
[2024-12-27 19:09:53,455] [INFO] [utils.py:803:see_memory_usage] MA 0.0 GB         Max_MA 0.0 GB         CA 4.63 GB         Max_CA 5 GB 
[2024-12-27 19:09:53,456] [INFO] [utils.py:810:see_memory_usage] CPU Virtual Memory:  used = 167.65 GB, percent = 44.5%
[2024-12-27 19:09:54,025] [INFO] [utils.py:802:see_memory_usage] Before initializing optimizer states
[2024-12-27 19:09:54,026] [INFO] [utils.py:803:see_memory_usage] MA 0.0 GB         Max_MA 0.0 GB         CA 4.63 GB         Max_CA 5 GB 
[2024-12-27 19:09:54,026] [INFO] [utils.py:810:see_memory_usage] CPU Virtual Memory:  used = 169.94 GB, percent = 45.2%
[2024-12-27 19:10:09,067] [INFO] [utils.py:802:see_memory_usage] After initializing optimizer states
[2024-12-27 19:10:09,068] [INFO] [utils.py:803:see_memory_usage] MA 0.0 GB         Max_MA 0.0 GB         CA 4.63 GB         Max_CA 5 GB 
[2024-12-27 19:10:09,068] [INFO] [utils.py:810:see_memory_usage] CPU Virtual Memory:  used = 282.88 GB, percent = 75.2%
[2024-12-27 19:10:12,789] [INFO] [stage3.py:459:_setup_for_real_optimizer] optimizer state initialized
[2024-12-27 19:10:19,286] [INFO] [utils.py:802:see_memory_usage] After initializing ZeRO optimizer
[2024-12-27 19:10:19,286] [INFO] [utils.py:803:see_memory_usage] MA 0.93 GB         Max_MA 3.24 GB         CA 4.63 GB         Max_CA 5 GB 
[2024-12-27 19:10:19,287] [INFO] [utils.py:810:see_memory_usage] CPU Virtual Memory:  used = 291.0 GB, percent = 77.3%
[2024-12-27 19:10:19,287] [INFO] [logging.py:96:log_dist] [Rank 0] DeepSpeed Final Optimizer = DeepSpeedCPUAdam
[2024-12-27 19:10:19,287] [INFO] [logging.py:96:log_dist] [Rank 0] DeepSpeed using client LR scheduler
[2024-12-27 19:10:19,287] [INFO] [logging.py:96:log_dist] [Rank 0] DeepSpeed LR Scheduler = None
[2024-12-27 19:10:19,287] [INFO] [logging.py:96:log_dist] [Rank 0] step=0, skipped=0, lr=[0.0, 0.0], mom=[(0.9, 0.999), (0.9, 0.999)]
[2024-12-27 19:10:19,288] [INFO] [config.py:968:print] DeepSpeedEngine configuration:
[2024-12-27 19:10:19,288] [INFO] [config.py:972:print]   activation_checkpointing_config  {
    "partition_activations": false, 
    "contiguous_memory_optimization": false, 
    "cpu_checkpointing": false, 
    "number_checkpoints": null, 
    "synchronize_checkpoint_boundary": false, 
    "profile": false
}
[2024-12-27 19:10:19,288] [INFO] [config.py:972:print]   aio_config ................... {'block_size': 1048576, 'queue_depth': 8, 'thread_count': 1, 'single_submit': False, 'overlap_events': True}
[2024-12-27 19:10:19,288] [INFO] [config.py:972:print]   amp_enabled .................. False
[2024-12-27 19:10:19,288] [INFO] [config.py:972:print]   amp_params ................... False
[2024-12-27 19:10:19,288] [INFO] [config.py:972:print]   autotuning_config ............ {
    "enabled": false, 
    "start_step": null, 
    "end_step": null, 
    "metric_path": null, 
    "arg_mappings": null, 
    "metric": "throughput", 
    "model_info": null, 
    "results_dir": "autotuning_results", 
    "exps_dir": "autotuning_exps", 
    "overwrite": true, 
    "fast": true, 
    "start_profile_step": 3, 
    "end_profile_step": 5, 
    "tuner_type": "gridsearch", 
    "tuner_early_stopping": 5, 
    "tuner_num_trials": 50, 
    "model_info_path": null, 
    "mp_size": 1, 
    "max_train_batch_size": null, 
    "min_train_batch_size": 1, 
    "max_train_micro_batch_size_per_gpu": 1.024000e+03, 
    "min_train_micro_batch_size_per_gpu": 1, 
    "num_tuning_micro_batch_sizes": 3
}
[2024-12-27 19:10:19,288] [INFO] [config.py:972:print]   bfloat16_enabled ............. True
[2024-12-27 19:10:19,288] [INFO] [config.py:972:print]   checkpoint_parallel_write_pipeline  False
[2024-12-27 19:10:19,289] [INFO] [config.py:972:print]   checkpoint_tag_validation_enabled  True
[2024-12-27 19:10:19,289] [INFO] [config.py:972:print]   checkpoint_tag_validation_fail  False
[2024-12-27 19:10:19,289] [INFO] [config.py:972:print]   comms_config ................. <deepspeed.comm.config.DeepSpeedCommsConfig object at 0x7fae0c302c80>
[2024-12-27 19:10:19,289] [INFO] [config.py:972:print]   communication_data_type ...... None
[2024-12-27 19:10:19,289] [INFO] [config.py:972:print]   compression_config ........... {'weight_quantization': {'shared_parameters': {'enabled': False, 'quantizer_kernel': False, 'schedule_offset': 0, 'quantize_groups': 1, 'quantize_verbose': False, 'quantization_type': 'symmetric', 'quantize_weight_in_forward': False, 'rounding': 'nearest', 'fp16_mixed_quantize': False, 'quantize_change_ratio': 0.001}, 'different_groups': {}}, 'activation_quantization': {'shared_parameters': {'enabled': False, 'quantization_type': 'symmetric', 'range_calibration': 'dynamic', 'schedule_offset': 1000}, 'different_groups': {}}, 'sparse_pruning': {'shared_parameters': {'enabled': False, 'method': 'l1', 'schedule_offset': 1000}, 'different_groups': {}}, 'row_pruning': {'shared_parameters': {'enabled': False, 'method': 'l1', 'schedule_offset': 1000}, 'different_groups': {}}, 'head_pruning': {'shared_parameters': {'enabled': False, 'method': 'topk', 'schedule_offset': 1000}, 'different_groups': {}}, 'channel_pruning': {'shared_parameters': {'enabled': False, 'method': 'l1', 'schedule_offset': 1000}, 'different_groups': {}}, 'layer_reduction': {'enabled': False}}
[2024-12-27 19:10:19,289] [INFO] [config.py:972:print]   curriculum_enabled_legacy .... False
[2024-12-27 19:10:19,289] [INFO] [config.py:972:print]   curriculum_params_legacy ..... False
[2024-12-27 19:10:19,289] [INFO] [config.py:972:print]   data_efficiency_config ....... {'enabled': False, 'seed': 1234, 'data_sampling': {'enabled': False, 'num_epochs': 1000, 'num_workers': 0, 'curriculum_learning': {'enabled': False}}, 'data_routing': {'enabled': False, 'random_ltd': {'enabled': False, 'layer_token_lr_schedule': {'enabled': False}}}}
[2024-12-27 19:10:19,289] [INFO] [config.py:972:print]   data_efficiency_enabled ...... False
[2024-12-27 19:10:19,289] [INFO] [config.py:972:print]   dataloader_drop_last ......... False
[2024-12-27 19:10:19,289] [INFO] [config.py:972:print]   disable_allgather ............ False
[2024-12-27 19:10:19,289] [INFO] [config.py:972:print]   dump_state ................... False
[2024-12-27 19:10:19,289] [INFO] [config.py:972:print]   dynamic_loss_scale_args ...... None
[2024-12-27 19:10:19,289] [INFO] [config.py:972:print]   eigenvalue_enabled ........... False
[2024-12-27 19:10:19,289] [INFO] [config.py:972:print]   eigenvalue_gas_boundary_resolution  1
[2024-12-27 19:10:19,289] [INFO] [config.py:972:print]   eigenvalue_layer_name ........ bert.encoder.layer
[2024-12-27 19:10:19,289] [INFO] [config.py:972:print]   eigenvalue_layer_num ......... 0
[2024-12-27 19:10:19,289] [INFO] [config.py:972:print]   eigenvalue_max_iter .......... 100
[2024-12-27 19:10:19,289] [INFO] [config.py:972:print]   eigenvalue_stability ......... 1e-06
[2024-12-27 19:10:19,289] [INFO] [config.py:972:print]   eigenvalue_tol ............... 0.01
[2024-12-27 19:10:19,289] [INFO] [config.py:972:print]   eigenvalue_verbose ........... False
[2024-12-27 19:10:19,289] [INFO] [config.py:972:print]   elasticity_enabled ........... False
[2024-12-27 19:10:19,289] [INFO] [config.py:972:print]   flops_profiler_config ........ {
    "enabled": false, 
    "recompute_fwd_factor": 0.0, 
    "profile_step": 1, 
    "module_depth": -1, 
    "top_modules": 1, 
    "detailed": true, 
    "output_file": null
}
[2024-12-27 19:10:19,289] [INFO] [config.py:972:print]   fp16_auto_cast ............... None
[2024-12-27 19:10:19,289] [INFO] [config.py:972:print]   fp16_enabled ................. False
[2024-12-27 19:10:19,289] [INFO] [config.py:972:print]   fp16_master_weights_and_gradients  False
[2024-12-27 19:10:19,289] [INFO] [config.py:972:print]   global_rank .................. 0
[2024-12-27 19:10:19,289] [INFO] [config.py:972:print]   grad_accum_dtype ............. None
[2024-12-27 19:10:19,289] [INFO] [config.py:972:print]   gradient_accumulation_steps .. 8
[2024-12-27 19:10:19,289] [INFO] [config.py:972:print]   gradient_clipping ............ 1.0
[2024-12-27 19:10:19,289] [INFO] [config.py:972:print]   gradient_predivide_factor .... 1.0
[2024-12-27 19:10:19,289] [INFO] [config.py:972:print]   hybrid_engine ................ enabled=False max_out_tokens=512 inference_tp_size=1 release_inference_cache=False pin_parameters=True tp_gather_partition_size=8
[2024-12-27 19:10:19,289] [INFO] [config.py:972:print]   initial_dynamic_scale ........ 1
[2024-12-27 19:10:19,289] [INFO] [config.py:972:print]   load_universal_checkpoint .... False
[2024-12-27 19:10:19,289] [INFO] [config.py:972:print]   loss_scale ................... 1.0
[2024-12-27 19:10:19,289] [INFO] [config.py:972:print]   memory_breakdown ............. False
[2024-12-27 19:10:19,289] [INFO] [config.py:972:print]   mics_hierarchial_params_gather  False
[2024-12-27 19:10:19,289] [INFO] [config.py:972:print]   mics_shard_size .............. -1
[2024-12-27 19:10:19,289] [INFO] [config.py:972:print]   monitor_config ............... tensorboard=TensorBoardConfig(enabled=False, output_path='', job_name='DeepSpeedJobName') wandb=WandbConfig(enabled=False, group=None, team=None, project='deepspeed') csv_monitor=CSVConfig(enabled=False, output_path='', job_name='DeepSpeedJobName') enabled=False
[2024-12-27 19:10:19,290] [INFO] [config.py:972:print]   nebula_config ................ {
    "enabled": false, 
    "persistent_storage_path": null, 
    "persistent_time_interval": 100, 
    "num_of_version_in_retention": 2, 
    "enable_nebula_load": true, 
    "load_path": null
}
[2024-12-27 19:10:19,290] [INFO] [config.py:972:print]   optimizer_legacy_fusion ...... False
[2024-12-27 19:10:19,290] [INFO] [config.py:972:print]   optimizer_name ............... None
[2024-12-27 19:10:19,290] [INFO] [config.py:972:print]   optimizer_params ............. None
[2024-12-27 19:10:19,290] [INFO] [config.py:972:print]   pipeline ..................... {'stages': 'auto', 'partition': 'best', 'seed_layers': False, 'activation_checkpoint_interval': 0}
[2024-12-27 19:10:19,290] [INFO] [config.py:972:print]   pld_enabled .................. False
[2024-12-27 19:10:19,290] [INFO] [config.py:972:print]   pld_params ................... False
[2024-12-27 19:10:19,290] [INFO] [config.py:972:print]   prescale_gradients ........... False
[2024-12-27 19:10:19,290] [INFO] [config.py:972:print]   scheduler_name ............... None
[2024-12-27 19:10:19,290] [INFO] [config.py:972:print]   scheduler_params ............. None
[2024-12-27 19:10:19,290] [INFO] [config.py:972:print]   sparse_attention ............. None
[2024-12-27 19:10:19,290] [INFO] [config.py:972:print]   sparse_gradients_enabled ..... False
[2024-12-27 19:10:19,290] [INFO] [config.py:972:print]   steps_per_print .............. inf
[2024-12-27 19:10:19,290] [INFO] [config.py:972:print]   train_batch_size ............. 64
[2024-12-27 19:10:19,290] [INFO] [config.py:972:print]   train_micro_batch_size_per_gpu  1
[2024-12-27 19:10:19,290] [INFO] [config.py:972:print]   use_node_local_storage ....... False
[2024-12-27 19:10:19,290] [INFO] [config.py:972:print]   wall_clock_breakdown ......... False
[2024-12-27 19:10:19,290] [INFO] [config.py:972:print]   weight_quantization_config ... None
[2024-12-27 19:10:19,290] [INFO] [config.py:972:print]   world_size ................... 8
[2024-12-27 19:10:19,290] [INFO] [config.py:972:print]   zero_allow_untested_optimizer  True
[2024-12-27 19:10:19,290] [INFO] [config.py:972:print]   zero_config .................. stage=3 contiguous_gradients=True reduce_scatter=True reduce_bucket_size=500,000,000 allgather_partitions=True allgather_bucket_size=500,000,000 overlap_comm=True load_from_fp32_weights=True elastic_checkpoint=False offload_param=DeepSpeedZeroOffloadParamConfig(device='cpu', nvme_path=None, buffer_count=5, buffer_size=100,000,000, max_in_cpu=1,000,000,000, pin_memory=False) offload_optimizer=DeepSpeedZeroOffloadOptimizerConfig(device='cpu', nvme_path=None, buffer_count=4, pin_memory=False, pipeline=False, pipeline_read=False, pipeline_write=False, fast_init=False) sub_group_size=1,000,000,000 cpu_offload_param=None cpu_offload_use_pin_memory=None cpu_offload=None prefetch_bucket_size=50,000,000 param_persistence_threshold=100,000 model_persistence_threshold=sys.maxsize max_live_parameters=1,000,000,000 max_reuse_distance=1,000,000,000 gather_16bit_weights_on_model_save=False stage3_gather_fp16_weights_on_model_save=False ignore_unused_parameters=True legacy_stage1=False round_robin_gradients=False zero_hpz_partition_size=1 zero_quantized_weights=False zero_quantized_nontrainable_weights=False zero_quantized_gradients=False mics_shard_size=-1 mics_hierarchical_params_gather=False memory_efficient_linear=True pipeline_loading_checkpoint=False override_module_apply=True
[2024-12-27 19:10:19,290] [INFO] [config.py:972:print]   zero_enabled ................. True
[2024-12-27 19:10:19,290] [INFO] [config.py:972:print]   zero_force_ds_cpu_optimizer .. True
[2024-12-27 19:10:19,290] [INFO] [config.py:972:print]   zero_optimization_stage ...... 3
[2024-12-27 19:10:19,290] [INFO] [config.py:958:print_user_config]   json = {
    "train_batch_size": 64, 
    "train_micro_batch_size_per_gpu": 1, 
    "gradient_accumulation_steps": 8, 
    "zero_optimization": {
        "stage": 3, 
        "offload_optimizer": {
            "device": "cpu", 
            "nvme_path": null
        }, 
        "offload_param": {
            "device": "cpu", 
            "nvme_path": null
        }, 
        "stage3_gather_16bit_weights_on_model_save": false
    }, 
    "gradient_clipping": 1.0, 
    "steps_per_print": inf, 
    "bf16": {
        "enabled": true
    }, 
    "fp16": {
        "enabled": false
    }, 
    "zero_allow_untested_optimizer": true
}
  0% 0/40 [00:00<?, ?it/s]
Train Loop:   0% 0/2 [00:00<?, ?it/s][A
Train Loop:  50% 1/2 [00:22<00:22, 22.29s/it][A
Train Loop: 100% 2/2 [00:38<00:00, 18.72s/it][A
                                             [A[进程 0] Epoch 1 训练结果: {'loss': 2.53125}
跳过evaluation
[E=1/40, S=1] {'lr': '5e-06', 'T.loss': '2.5312'}
目录已存在, 清空目录: /share/finetune/ppo_paper_final_new/_models_outputs_sft/zhouyi_glm4_sft/best
开始保存新的最佳checkpoint... 时间: 20241227_191129
[2024-12-27 19:11:29,173] [INFO] [logging.py:96:log_dist] [Rank 0] [Torch] Checkpoint global_step0 is about to be saved!
/home/wangxinrong/miniconda3/envs/cuda-11.7/lib/python3.10/site-packages/torch/nn/modules/module.py:1802: UserWarning: Positional args are being deprecated, use kwargs instead. Refer to https://pytorch.org/docs/master/generated/torch.nn.Module.html#torch.nn.Module.state_dict for details.
  warnings.warn(
/home/wangxinrong/miniconda3/envs/cuda-11.7/lib/python3.10/site-packages/torch/nn/modules/module.py:1802: UserWarning: Positional args are being deprecated, use kwargs instead. Refer to https://pytorch.org/docs/master/generated/torch.nn.Module.html#torch.nn.Module.state_dict for details.
  warnings.warn(
/home/wangxinrong/miniconda3/envs/cuda-11.7/lib/python3.10/site-packages/torch/nn/modules/module.py:1802: UserWarning: Positional args are being deprecated, use kwargs instead. Refer to https://pytorch.org/docs/master/generated/torch.nn.Module.html#torch.nn.Module.state_dict for details.
  warnings.warn(
/home/wangxinrong/miniconda3/envs/cuda-11.7/lib/python3.10/site-packages/torch/nn/modules/module.py:1802: UserWarning: Positional args are being deprecated, use kwargs instead. Refer to https://pytorch.org/docs/master/generated/torch.nn.Module.html#torch.nn.Module.state_dict for details.
  warnings.warn(
/home/wangxinrong/miniconda3/envs/cuda-11.7/lib/python3.10/site-packages/torch/nn/modules/module.py:1802: UserWarning: Positional args are being deprecated, use kwargs instead. Refer to https://pytorch.org/docs/master/generated/torch.nn.Module.html#torch.nn.Module.state_dict for details.
  warnings.warn(
/home/wangxinrong/miniconda3/envs/cuda-11.7/lib/python3.10/site-packages/torch/nn/modules/module.py:1802: UserWarning: Positional args are being deprecated, use kwargs instead. Refer to https://pytorch.org/docs/master/generated/torch.nn.Module.html#torch.nn.Module.state_dict for details.
  warnings.warn(
/home/wangxinrong/miniconda3/envs/cuda-11.7/lib/python3.10/site-packages/torch/nn/modules/module.py:1802: UserWarning: Positional args are being deprecated, use kwargs instead. Refer to https://pytorch.org/docs/master/generated/torch.nn.Module.html#torch.nn.Module.state_dict for details.
  warnings.warn(
/home/wangxinrong/miniconda3/envs/cuda-11.7/lib/python3.10/site-packages/torch/nn/modules/module.py:1802: UserWarning: Positional args are being deprecated, use kwargs instead. Refer to https://pytorch.org/docs/master/generated/torch.nn.Module.html#torch.nn.Module.state_dict for details.
  warnings.warn(
[2024-12-27 19:11:29,198] [INFO] [torch_checkpoint_engine.py:21:save] [Torch] Saving /share/finetune/ppo_paper_final_new/_models_outputs_sft/zhouyi_glm4_sft/best/global_step0/zero_pp_rank_7_mp_rank_00_model_states.pt...
[2024-12-27 19:11:29,198] [INFO] [torch_checkpoint_engine.py:21:save] [Torch] Saving /share/finetune/ppo_paper_final_new/_models_outputs_sft/zhouyi_glm4_sft/best/global_step0/zero_pp_rank_2_mp_rank_00_model_states.pt...
[2024-12-27 19:11:29,198] [INFO] [torch_checkpoint_engine.py:21:save] [Torch] Saving /share/finetune/ppo_paper_final_new/_models_outputs_sft/zhouyi_glm4_sft/best/global_step0/zero_pp_rank_4_mp_rank_00_model_states.pt...
[2024-12-27 19:11:29,199] [INFO] [logging.py:96:log_dist] [Rank 1] Saving model checkpoint: /share/finetune/ppo_paper_final_new/_models_outputs_sft/zhouyi_glm4_sft/best/global_step0/zero_pp_rank_1_mp_rank_00_model_states.pt
[2024-12-27 19:11:29,200] [INFO] [torch_checkpoint_engine.py:21:save] [Torch] Saving /share/finetune/ppo_paper_final_new/_models_outputs_sft/zhouyi_glm4_sft/best/global_step0/zero_pp_rank_1_mp_rank_00_model_states.pt...
[2024-12-27 19:11:29,199] [INFO] [torch_checkpoint_engine.py:21:save] [Torch] Saving /share/finetune/ppo_paper_final_new/_models_outputs_sft/zhouyi_glm4_sft/best/global_step0/zero_pp_rank_5_mp_rank_00_model_states.pt...
[2024-12-27 19:11:29,199] [INFO] [torch_checkpoint_engine.py:21:save] [Torch] Saving /share/finetune/ppo_paper_final_new/_models_outputs_sft/zhouyi_glm4_sft/best/global_step0/zero_pp_rank_6_mp_rank_00_model_states.pt...
[2024-12-27 19:11:29,200] [INFO] [torch_checkpoint_engine.py:21:save] [Torch] Saving /share/finetune/ppo_paper_final_new/_models_outputs_sft/zhouyi_glm4_sft/best/global_step0/zero_pp_rank_3_mp_rank_00_model_states.pt...
[2024-12-27 19:11:29,201] [INFO] [logging.py:96:log_dist] [Rank 0] Saving model checkpoint: /share/finetune/ppo_paper_final_new/_models_outputs_sft/zhouyi_glm4_sft/best/global_step0/zero_pp_rank_0_mp_rank_00_model_states.pt
[2024-12-27 19:11:29,201] [INFO] [torch_checkpoint_engine.py:21:save] [Torch] Saving /share/finetune/ppo_paper_final_new/_models_outputs_sft/zhouyi_glm4_sft/best/global_step0/zero_pp_rank_0_mp_rank_00_model_states.pt...
[2024-12-27 19:11:29,215] [INFO] [torch_checkpoint_engine.py:23:save] [Torch] Saved /share/finetune/ppo_paper_final_new/_models_outputs_sft/zhouyi_glm4_sft/best/global_step0/zero_pp_rank_7_mp_rank_00_model_states.pt.
[2024-12-27 19:11:29,216] [INFO] [torch_checkpoint_engine.py:23:save] [Torch] Saved /share/finetune/ppo_paper_final_new/_models_outputs_sft/zhouyi_glm4_sft/best/global_step0/zero_pp_rank_2_mp_rank_00_model_states.pt.
[2024-12-27 19:11:29,221] [INFO] [torch_checkpoint_engine.py:23:save] [Torch] Saved /share/finetune/ppo_paper_final_new/_models_outputs_sft/zhouyi_glm4_sft/best/global_step0/zero_pp_rank_4_mp_rank_00_model_states.pt.
[2024-12-27 19:11:29,222] [INFO] [torch_checkpoint_engine.py:23:save] [Torch] Saved /share/finetune/ppo_paper_final_new/_models_outputs_sft/zhouyi_glm4_sft/best/global_step0/zero_pp_rank_0_mp_rank_00_model_states.pt.
[2024-12-27 19:11:29,222] [INFO] [torch_checkpoint_engine.py:23:save] [Torch] Saved /share/finetune/ppo_paper_final_new/_models_outputs_sft/zhouyi_glm4_sft/best/global_step0/zero_pp_rank_3_mp_rank_00_model_states.pt.
[2024-12-27 19:11:29,222] [INFO] [torch_checkpoint_engine.py:23:save] [Torch] Saved /share/finetune/ppo_paper_final_new/_models_outputs_sft/zhouyi_glm4_sft/best/global_step0/zero_pp_rank_6_mp_rank_00_model_states.pt.
[2024-12-27 19:11:29,222] [INFO] [torch_checkpoint_engine.py:23:save] [Torch] Saved /share/finetune/ppo_paper_final_new/_models_outputs_sft/zhouyi_glm4_sft/best/global_step0/zero_pp_rank_1_mp_rank_00_model_states.pt.
[2024-12-27 19:11:29,222] [INFO] [torch_checkpoint_engine.py:23:save] [Torch] Saved /share/finetune/ppo_paper_final_new/_models_outputs_sft/zhouyi_glm4_sft/best/global_step0/zero_pp_rank_5_mp_rank_00_model_states.pt.
[2024-12-27 19:11:29,225] [INFO] [torch_checkpoint_engine.py:21:save] [Torch] Saving /share/finetune/ppo_paper_final_new/_models_outputs_sft/zhouyi_glm4_sft/best/global_step0/bf16_zero_pp_rank_0_mp_rank_00_optim_states.pt...
[2024-12-27 19:11:29,225] [INFO] [torch_checkpoint_engine.py:21:save] [Torch] Saving /share/finetune/ppo_paper_final_new/_models_outputs_sft/zhouyi_glm4_sft/best/global_step0/bf16_zero_pp_rank_2_mp_rank_00_optim_states.pt...
[2024-12-27 19:11:29,225] [INFO] [torch_checkpoint_engine.py:21:save] [Torch] Saving /share/finetune/ppo_paper_final_new/_models_outputs_sft/zhouyi_glm4_sft/best/global_step0/bf16_zero_pp_rank_7_mp_rank_00_optim_states.pt...
[2024-12-27 19:11:29,225] [INFO] [torch_checkpoint_engine.py:21:save] [Torch] Saving /share/finetune/ppo_paper_final_new/_models_outputs_sft/zhouyi_glm4_sft/best/global_step0/bf16_zero_pp_rank_3_mp_rank_00_optim_states.pt...
[2024-12-27 19:11:29,225] [INFO] [torch_checkpoint_engine.py:21:save] [Torch] Saving /share/finetune/ppo_paper_final_new/_models_outputs_sft/zhouyi_glm4_sft/best/global_step0/bf16_zero_pp_rank_4_mp_rank_00_optim_states.pt...
[2024-12-27 19:11:29,225] [INFO] [torch_checkpoint_engine.py:21:save] [Torch] Saving /share/finetune/ppo_paper_final_new/_models_outputs_sft/zhouyi_glm4_sft/best/global_step0/bf16_zero_pp_rank_5_mp_rank_00_optim_states.pt...
[2024-12-27 19:11:29,225] [INFO] [torch_checkpoint_engine.py:21:save] [Torch] Saving /share/finetune/ppo_paper_final_new/_models_outputs_sft/zhouyi_glm4_sft/best/global_step0/bf16_zero_pp_rank_6_mp_rank_00_optim_states.pt...
[2024-12-27 19:11:29,225] [INFO] [torch_checkpoint_engine.py:21:save] [Torch] Saving /share/finetune/ppo_paper_final_new/_models_outputs_sft/zhouyi_glm4_sft/best/global_step0/bf16_zero_pp_rank_1_mp_rank_00_optim_states.pt...
[2024-12-27 19:19:39,058] [INFO] [torch_checkpoint_engine.py:23:save] [Torch] Saved /share/finetune/ppo_paper_final_new/_models_outputs_sft/zhouyi_glm4_sft/best/global_step0/bf16_zero_pp_rank_2_mp_rank_00_optim_states.pt.
[2024-12-27 19:19:39,059] [INFO] [engine.py:3381:_save_zero_checkpoint] zero checkpoint saved /share/finetune/ppo_paper_final_new/_models_outputs_sft/zhouyi_glm4_sft/best/global_step0/bf16_zero_pp_rank_2_mp_rank_00_optim_states.pt
[2024-12-27 19:19:39,083] [INFO] [torch_checkpoint_engine.py:23:save] [Torch] Saved /share/finetune/ppo_paper_final_new/_models_outputs_sft/zhouyi_glm4_sft/best/global_step0/bf16_zero_pp_rank_4_mp_rank_00_optim_states.pt.
[2024-12-27 19:19:39,085] [INFO] [engine.py:3381:_save_zero_checkpoint] zero checkpoint saved /share/finetune/ppo_paper_final_new/_models_outputs_sft/zhouyi_glm4_sft/best/global_step0/bf16_zero_pp_rank_4_mp_rank_00_optim_states.pt
[2024-12-27 19:19:39,848] [INFO] [torch_checkpoint_engine.py:23:save] [Torch] Saved /share/finetune/ppo_paper_final_new/_models_outputs_sft/zhouyi_glm4_sft/best/global_step0/bf16_zero_pp_rank_7_mp_rank_00_optim_states.pt.
[2024-12-27 19:19:39,849] [INFO] [engine.py:3381:_save_zero_checkpoint] zero checkpoint saved /share/finetune/ppo_paper_final_new/_models_outputs_sft/zhouyi_glm4_sft/best/global_step0/bf16_zero_pp_rank_7_mp_rank_00_optim_states.pt
[2024-12-27 19:19:42,481] [INFO] [torch_checkpoint_engine.py:23:save] [Torch] Saved /share/finetune/ppo_paper_final_new/_models_outputs_sft/zhouyi_glm4_sft/best/global_step0/bf16_zero_pp_rank_5_mp_rank_00_optim_states.pt.
[2024-12-27 19:19:42,483] [INFO] [engine.py:3381:_save_zero_checkpoint] zero checkpoint saved /share/finetune/ppo_paper_final_new/_models_outputs_sft/zhouyi_glm4_sft/best/global_step0/bf16_zero_pp_rank_5_mp_rank_00_optim_states.pt
[2024-12-27 19:19:52,568] [INFO] [torch_checkpoint_engine.py:23:save] [Torch] Saved /share/finetune/ppo_paper_final_new/_models_outputs_sft/zhouyi_glm4_sft/best/global_step0/bf16_zero_pp_rank_0_mp_rank_00_optim_states.pt.
[2024-12-27 19:19:52,884] [INFO] [engine.py:3381:_save_zero_checkpoint] zero checkpoint saved /share/finetune/ppo_paper_final_new/_models_outputs_sft/zhouyi_glm4_sft/best/global_step0/bf16_zero_pp_rank_0_mp_rank_00_optim_states.pt
[2024-12-27 19:19:55,807] [INFO] [torch_checkpoint_engine.py:23:save] [Torch] Saved /share/finetune/ppo_paper_final_new/_models_outputs_sft/zhouyi_glm4_sft/best/global_step0/bf16_zero_pp_rank_3_mp_rank_00_optim_states.pt.
[2024-12-27 19:19:55,808] [INFO] [engine.py:3381:_save_zero_checkpoint] zero checkpoint saved /share/finetune/ppo_paper_final_new/_models_outputs_sft/zhouyi_glm4_sft/best/global_step0/bf16_zero_pp_rank_3_mp_rank_00_optim_states.pt
[2024-12-27 19:20:18,636] [INFO] [torch_checkpoint_engine.py:23:save] [Torch] Saved /share/finetune/ppo_paper_final_new/_models_outputs_sft/zhouyi_glm4_sft/best/global_step0/bf16_zero_pp_rank_6_mp_rank_00_optim_states.pt.
[2024-12-27 19:20:18,637] [INFO] [engine.py:3381:_save_zero_checkpoint] zero checkpoint saved /share/finetune/ppo_paper_final_new/_models_outputs_sft/zhouyi_glm4_sft/best/global_step0/bf16_zero_pp_rank_6_mp_rank_00_optim_states.pt
[2024-12-27 19:20:18,933] [INFO] [torch_checkpoint_engine.py:23:save] [Torch] Saved /share/finetune/ppo_paper_final_new/_models_outputs_sft/zhouyi_glm4_sft/best/global_step0/bf16_zero_pp_rank_1_mp_rank_00_optim_states.pt.
[2024-12-27 19:20:18,934] [INFO] [engine.py:3381:_save_zero_checkpoint] zero checkpoint saved /share/finetune/ppo_paper_final_new/_models_outputs_sft/zhouyi_glm4_sft/best/global_step0/bf16_zero_pp_rank_1_mp_rank_00_optim_states.pt
[2024-12-27 19:20:18,963] [INFO] [torch_checkpoint_engine.py:33:commit] [Torch] Checkpoint global_step0 is ready now!
[2024-12-27 19:20:18,964] [INFO] [torch_checkpoint_engine.py:33:commit] [Torch] Checkpoint global_step0 is ready now!
[2024-12-27 19:20:18,966] [INFO] [torch_checkpoint_engine.py:33:commit] [Torch] Checkpoint global_step0 is ready now!
[2024-12-27 19:20:18,967] [INFO] [torch_checkpoint_engine.py:33:commit] [Torch] Checkpoint global_step0 is ready now!
[2024-12-27 19:20:18,967] [INFO] [torch_checkpoint_engine.py:33:commit] [Torch] Checkpoint global_step0 is ready now!
[2024-12-27 19:20:18,967] [INFO] [torch_checkpoint_engine.py:33:commit] [Torch] Checkpoint global_step0 is ready now!
[2024-12-27 19:20:18,967] [INFO] [torch_checkpoint_engine.py:33:commit] [Torch] Checkpoint global_step0 is ready now!
[2024-12-27 19:20:18,971] [INFO] [torch_checkpoint_engine.py:33:commit] [Torch] Checkpoint global_step0 is ready now!
成功保存checkpoint: /share/finetune/ppo_paper_final_new/_models_outputs_sft/zhouyi_glm4_sft/best
  2% 1/40 [10:09<6:36:19, 609.72s/it]
Train Loop:   0% 0/2 [00:00<?, ?it/s][A
Train Loop:  50% 1/2 [14:15<14:15, 855.73s/it][A
Train Loop: 100% 2/2 [16:08<00:00, 418.96s/it][A
                                              [A[进程 0] Epoch 2 训练结果: {'loss': 2.53125}
跳过evaluation
[E=2/40, S=2] {'lr': '1e-05', 'T.loss': '2.5312'}
  5% 2/40 [26:18<8:40:01, 821.09s/it]
Train Loop:   0% 0/2 [00:00<?, ?it/s][A[E ProcessGroupNCCL.cpp:828] [Rank 3] Watchdog caught collective operation timeout: WorkNCCL(SeqNum=2616, OpType=BROADCAST, Timeout(ms)=18000000) ran for 18001813 milliseconds before timing out.
[E ProcessGroupNCCL.cpp:828] [Rank 6] Watchdog caught collective operation timeout: WorkNCCL(SeqNum=2616, OpType=BROADCAST, Timeout(ms)=18000000) ran for 18001836 milliseconds before timing out.
[E ProcessGroupNCCL.cpp:828] [Rank 2] Watchdog caught collective operation timeout: WorkNCCL(SeqNum=2616, OpType=BROADCAST, Timeout(ms)=18000000) ran for 18002024 milliseconds before timing out.
[E ProcessGroupNCCL.cpp:828] [Rank 1] Watchdog caught collective operation timeout: WorkNCCL(SeqNum=2616, OpType=ALLREDUCE, Timeout(ms)=18000000) ran for 18002127 milliseconds before timing out.
Traceback (most recent call last):
  File "/home/wangxinrong/workspace/reft/divination/mwp_ReFT/train_sft_model.py", line 837, in <module>
    main(args)
  File "/home/wangxinrong/workspace/reft/divination/mwp_ReFT/train_sft_model.py", line 784, in main
    do_checkpoint(args, model, tokenizer, save_path, global_step)
  File "/home/wangxinrong/workspace/reft/divination/mwp_ReFT/train_sft_model.py", line 251, in do_checkpoint
    model.save_checkpoint(save_path)
  File "/home/wangxinrong/miniconda3/envs/cuda-11.7/lib/python3.10/site-packages/deepspeed/runtime/engine.py", line 2998, in save_checkpoint
    dist.barrier()
  File "/home/wangxinrong/miniconda3/envs/cuda-11.7/lib/python3.10/site-packages/deepspeed/comm/comm.py", line 117, in log_wrapper
    return func(*args, **kwargs)
  File "/home/wangxinrong/miniconda3/envs/cuda-11.7/lib/python3.10/site-packages/deepspeed/comm/comm.py", line 408, in barrier
    return cdb.barrier(group=group, async_op=async_op)
  File "/home/wangxinrong/miniconda3/envs/cuda-11.7/lib/python3.10/site-packages/deepspeed/comm/torch.py", line 312, in barrier
    return torch.distributed.barrier(group=group, async_op=async_op, device_ids=device_ids)
  File "/home/wangxinrong/miniconda3/envs/cuda-11.7/lib/python3.10/site-packages/torch/distributed/distributed_c10d.py", line 3320, in barrier
    work.wait()
  File "/home/wangxinrong/workspace/reft/divination/mwp_ReFT/train_sft_model.py", line 227, in _handle_timeout
    raise TimeoutError(f"{description} timed out after {seconds} seconds")
TimeoutError: Checkpoint saving timed out after 1800 seconds
Traceback (most recent call last):
  File "/home/wangxinrong/workspace/reft/divination/mwp_ReFT/train_sft_model.py", line 714, in main
    train_epoch_result_dict, global_step = train_one_epoch(**kwargs)
  File "/home/wangxinrong/workspace/reft/divination/mwp_ReFT/train_sft_model.py", line 280, in train_one_epoch
    for idx, batch in t:
  File "/home/wangxinrong/miniconda3/envs/cuda-11.7/lib/python3.10/site-packages/tqdm/std.py", line 1169, in __iter__
    for obj in iterable:
  File "/home/wangxinrong/miniconda3/envs/cuda-11.7/lib/python3.10/site-packages/accelerate/data_loader.py", line 545, in __iter__
    synchronize_rng_states(self.rng_types, self.synchronized_generator)
  File "/home/wangxinrong/miniconda3/envs/cuda-11.7/lib/python3.10/site-packages/accelerate/utils/random.py", line 132, in synchronize_rng_states
    synchronize_rng_state(RNGType(rng_type), generator=generator)
  File "/home/wangxinrong/miniconda3/envs/cuda-11.7/lib/python3.10/site-packages/accelerate/utils/random.py", line 107, in synchronize_rng_state
    rng_state = rng_state.cpu()
  File "/home/wangxinrong/workspace/reft/divination/mwp_ReFT/train_sft_model.py", line 227, in _handle_timeout
    raise TimeoutError(f"{description} timed out after {seconds} seconds")
TimeoutError: Epoch 3 timed out after 3600 seconds

During handling of the above exception, another exception occurred:

Traceback (most recent call last):
  File "/home/wangxinrong/workspace/reft/divination/mwp_ReFT/train_sft_model.py", line 837, in <module>
    main(args)
  File "/home/wangxinrong/workspace/reft/divination/mwp_ReFT/train_sft_model.py", line 726, in main
    accelerator.wait_for_everyone()
  File "/home/wangxinrong/miniconda3/envs/cuda-11.7/lib/python3.10/site-packages/accelerate/accelerator.py", line 2659, in wait_for_everyone
    wait_for_everyone()
  File "/home/wangxinrong/miniconda3/envs/cuda-11.7/lib/python3.10/site-packages/accelerate/utils/other.py", line 144, in wait_for_everyone
    PartialState().wait_for_everyone()
  File "/home/wangxinrong/miniconda3/envs/cuda-11.7/lib/python3.10/site-packages/accelerate/state.py", line 375, in wait_for_everyone
    torch.distributed.barrier()
  File "/home/wangxinrong/miniconda3/envs/cuda-11.7/lib/python3.10/site-packages/torch/distributed/distributed_c10d.py", line 3313, in barrier
    work = default_pg.barrier(opts=opts)
RuntimeError: NCCL communicator was aborted on rank 3.  Original reason for failure was: [Rank 3] Watchdog caught collective operation timeout: WorkNCCL(SeqNum=2616, OpType=BROADCAST, Timeout(ms)=18000000) ran for 18001813 milliseconds before timing out.
[E ProcessGroupNCCL.cpp:828] [Rank 7] Watchdog caught collective operation timeout: WorkNCCL(SeqNum=2616, OpType=BROADCAST, Timeout(ms)=18000000) ran for 18002640 milliseconds before timing out.
Traceback (most recent call last):
  File "/home/wangxinrong/workspace/reft/divination/mwp_ReFT/train_sft_model.py", line 714, in main
    train_epoch_result_dict, global_step = train_one_epoch(**kwargs)
  File "/home/wangxinrong/workspace/reft/divination/mwp_ReFT/train_sft_model.py", line 280, in train_one_epoch
    for idx, batch in t:
  File "/home/wangxinrong/miniconda3/envs/cuda-11.7/lib/python3.10/site-packages/tqdm/std.py", line 1169, in __iter__
    for obj in iterable:
  File "/home/wangxinrong/miniconda3/envs/cuda-11.7/lib/python3.10/site-packages/accelerate/data_loader.py", line 545, in __iter__
    synchronize_rng_states(self.rng_types, self.synchronized_generator)
  File "/home/wangxinrong/miniconda3/envs/cuda-11.7/lib/python3.10/site-packages/accelerate/utils/random.py", line 132, in synchronize_rng_states
    synchronize_rng_state(RNGType(rng_type), generator=generator)
  File "/home/wangxinrong/miniconda3/envs/cuda-11.7/lib/python3.10/site-packages/accelerate/utils/random.py", line 107, in synchronize_rng_state
    rng_state = rng_state.cpu()
  File "/home/wangxinrong/workspace/reft/divination/mwp_ReFT/train_sft_model.py", line 227, in _handle_timeout
    raise TimeoutError(f"{description} timed out after {seconds} seconds")
TimeoutError: Epoch 3 timed out after 3600 seconds

During handling of the above exception, another exception occurred:

Traceback (most recent call last):
  File "/home/wangxinrong/workspace/reft/divination/mwp_ReFT/train_sft_model.py", line 837, in <module>
    main(args)
  File "/home/wangxinrong/workspace/reft/divination/mwp_ReFT/train_sft_model.py", line 726, in main
    accelerator.wait_for_everyone()
  File "/home/wangxinrong/miniconda3/envs/cuda-11.7/lib/python3.10/site-packages/accelerate/accelerator.py", line 2659, in wait_for_everyone
    wait_for_everyone()
  File "/home/wangxinrong/miniconda3/envs/cuda-11.7/lib/python3.10/site-packages/accelerate/utils/other.py", line 144, in wait_for_everyone
    PartialState().wait_for_everyone()
  File "/home/wangxinrong/miniconda3/envs/cuda-11.7/lib/python3.10/site-packages/accelerate/state.py", line 375, in wait_for_everyone
    torch.distributed.barrier()
  File "/home/wangxinrong/miniconda3/envs/cuda-11.7/lib/python3.10/site-packages/torch/distributed/distributed_c10d.py", line 3313, in barrier
    work = default_pg.barrier(opts=opts)
RuntimeError: NCCL communicator was aborted on rank 7.  Original reason for failure was: [Rank 7] Watchdog caught collective operation timeout: WorkNCCL(SeqNum=2616, OpType=BROADCAST, Timeout(ms)=18000000) ran for 18002640 milliseconds before timing out.
[E ProcessGroupNCCL.cpp:828] [Rank 5] Watchdog caught collective operation timeout: WorkNCCL(SeqNum=2616, OpType=BROADCAST, Timeout(ms)=18000000) ran for 18002951 milliseconds before timing out.
Traceback (most recent call last):
  File "/home/wangxinrong/workspace/reft/divination/mwp_ReFT/train_sft_model.py", line 714, in main
    train_epoch_result_dict, global_step = train_one_epoch(**kwargs)
  File "/home/wangxinrong/workspace/reft/divination/mwp_ReFT/train_sft_model.py", line 280, in train_one_epoch
    for idx, batch in t:
  File "/home/wangxinrong/miniconda3/envs/cuda-11.7/lib/python3.10/site-packages/tqdm/std.py", line 1169, in __iter__
    for obj in iterable:
  File "/home/wangxinrong/miniconda3/envs/cuda-11.7/lib/python3.10/site-packages/accelerate/data_loader.py", line 545, in __iter__
    synchronize_rng_states(self.rng_types, self.synchronized_generator)
  File "/home/wangxinrong/miniconda3/envs/cuda-11.7/lib/python3.10/site-packages/accelerate/utils/random.py", line 132, in synchronize_rng_states
    synchronize_rng_state(RNGType(rng_type), generator=generator)
  File "/home/wangxinrong/miniconda3/envs/cuda-11.7/lib/python3.10/site-packages/accelerate/utils/random.py", line 107, in synchronize_rng_state
    rng_state = rng_state.cpu()
  File "/home/wangxinrong/workspace/reft/divination/mwp_ReFT/train_sft_model.py", line 227, in _handle_timeout
    raise TimeoutError(f"{description} timed out after {seconds} seconds")
TimeoutError: Epoch 3 timed out after 3600 seconds

During handling of the above exception, another exception occurred:

Traceback (most recent call last):
  File "/home/wangxinrong/workspace/reft/divination/mwp_ReFT/train_sft_model.py", line 837, in <module>
    main(args)
  File "/home/wangxinrong/workspace/reft/divination/mwp_ReFT/train_sft_model.py", line 726, in main
    accelerator.wait_for_everyone()
  File "/home/wangxinrong/miniconda3/envs/cuda-11.7/lib/python3.10/site-packages/accelerate/accelerator.py", line 2659, in wait_for_everyone
    wait_for_everyone()
  File "/home/wangxinrong/miniconda3/envs/cuda-11.7/lib/python3.10/site-packages/accelerate/utils/other.py", line 144, in wait_for_everyone
    PartialState().wait_for_everyone()
  File "/home/wangxinrong/miniconda3/envs/cuda-11.7/lib/python3.10/site-packages/accelerate/state.py", line 375, in wait_for_everyone
    torch.distributed.barrier()
  File "/home/wangxinrong/miniconda3/envs/cuda-11.7/lib/python3.10/site-packages/torch/distributed/distributed_c10d.py", line 3313, in barrier
    work = default_pg.barrier(opts=opts)
RuntimeError: NCCL communicator was aborted on rank 6.  Original reason for failure was: [Rank 6] Watchdog caught collective operation timeout: WorkNCCL(SeqNum=2616, OpType=BROADCAST, Timeout(ms)=18000000) ran for 18001836 milliseconds before timing out.
[E ProcessGroupNCCL.cpp:455] Some NCCL operations have failed or timed out. Due to the asynchronous nature of CUDA kernels, subsequent GPU operations might run on corrupted/incomplete data.
[E ProcessGroupNCCL.cpp:460] To avoid data inconsistency, we are taking the entire process down.
terminate called after throwing an instance of 'std::runtime_error'
  what():  [Rank 1] Watchdog caught collective operation timeout: WorkNCCL(SeqNum=2616, OpType=ALLREDUCE, Timeout(ms)=18000000) ran for 18002127 milliseconds before timing out.
Traceback (most recent call last):
  File "/home/wangxinrong/workspace/reft/divination/mwp_ReFT/train_sft_model.py", line 714, in main
    train_epoch_result_dict, global_step = train_one_epoch(**kwargs)
  File "/home/wangxinrong/workspace/reft/divination/mwp_ReFT/train_sft_model.py", line 280, in train_one_epoch
    for idx, batch in t:
  File "/home/wangxinrong/miniconda3/envs/cuda-11.7/lib/python3.10/site-packages/tqdm/std.py", line 1169, in __iter__
    for obj in iterable:
  File "/home/wangxinrong/miniconda3/envs/cuda-11.7/lib/python3.10/site-packages/accelerate/data_loader.py", line 545, in __iter__
    synchronize_rng_states(self.rng_types, self.synchronized_generator)
  File "/home/wangxinrong/miniconda3/envs/cuda-11.7/lib/python3.10/site-packages/accelerate/utils/random.py", line 132, in synchronize_rng_states
    synchronize_rng_state(RNGType(rng_type), generator=generator)
  File "/home/wangxinrong/miniconda3/envs/cuda-11.7/lib/python3.10/site-packages/accelerate/utils/random.py", line 107, in synchronize_rng_state
    rng_state = rng_state.cpu()
  File "/home/wangxinrong/workspace/reft/divination/mwp_ReFT/train_sft_model.py", line 227, in _handle_timeout
    raise TimeoutError(f"{description} timed out after {seconds} seconds")
TimeoutError: Epoch 3 timed out after 3600 seconds

During handling of the above exception, another exception occurred:

Traceback (most recent call last):
  File "/home/wangxinrong/workspace/reft/divination/mwp_ReFT/train_sft_model.py", line 837, in <module>
    main(args)
  File "/home/wangxinrong/workspace/reft/divination/mwp_ReFT/train_sft_model.py", line 726, in main
    accelerator.wait_for_everyone()
  File "/home/wangxinrong/miniconda3/envs/cuda-11.7/lib/python3.10/site-packages/accelerate/accelerator.py", line 2659, in wait_for_everyone
    wait_for_everyone()
  File "/home/wangxinrong/miniconda3/envs/cuda-11.7/lib/python3.10/site-packages/accelerate/utils/other.py", line 144, in wait_for_everyone
    PartialState().wait_for_everyone()
  File "/home/wangxinrong/miniconda3/envs/cuda-11.7/lib/python3.10/site-packages/accelerate/state.py", line 375, in wait_for_everyone
    torch.distributed.barrier()
  File "/home/wangxinrong/miniconda3/envs/cuda-11.7/lib/python3.10/site-packages/torch/distributed/distributed_c10d.py", line 3313, in barrier
    work = default_pg.barrier(opts=opts)
RuntimeError: NCCL communicator was aborted on rank 2.  Original reason for failure was: [Rank 2] Watchdog caught collective operation timeout: WorkNCCL(SeqNum=2616, OpType=BROADCAST, Timeout(ms)=18000000) ran for 18002024 milliseconds before timing out.
[E ProcessGroupNCCL.cpp:455] Some NCCL operations have failed or timed out. Due to the asynchronous nature of CUDA kernels, subsequent GPU operations might run on corrupted/incomplete data.
[E ProcessGroupNCCL.cpp:460] To avoid data inconsistency, we are taking the entire process down.
terminate called after throwing an instance of 'std::runtime_error'
  what():  [Rank 3] Watchdog caught collective operation timeout: WorkNCCL(SeqNum=2616, OpType=BROADCAST, Timeout(ms)=18000000) ran for 18001813 milliseconds before timing out.
Traceback (most recent call last):
  File "/home/wangxinrong/workspace/reft/divination/mwp_ReFT/train_sft_model.py", line 714, in main
    train_epoch_result_dict, global_step = train_one_epoch(**kwargs)
  File "/home/wangxinrong/workspace/reft/divination/mwp_ReFT/train_sft_model.py", line 280, in train_one_epoch
    for idx, batch in t:
  File "/home/wangxinrong/miniconda3/envs/cuda-11.7/lib/python3.10/site-packages/tqdm/std.py", line 1169, in __iter__
    for obj in iterable:
  File "/home/wangxinrong/miniconda3/envs/cuda-11.7/lib/python3.10/site-packages/accelerate/data_loader.py", line 545, in __iter__
    synchronize_rng_states(self.rng_types, self.synchronized_generator)
  File "/home/wangxinrong/miniconda3/envs/cuda-11.7/lib/python3.10/site-packages/accelerate/utils/random.py", line 132, in synchronize_rng_states
    synchronize_rng_state(RNGType(rng_type), generator=generator)
  File "/home/wangxinrong/miniconda3/envs/cuda-11.7/lib/python3.10/site-packages/accelerate/utils/random.py", line 107, in synchronize_rng_state
    rng_state = rng_state.cpu()
  File "/home/wangxinrong/workspace/reft/divination/mwp_ReFT/train_sft_model.py", line 227, in _handle_timeout
    raise TimeoutError(f"{description} timed out after {seconds} seconds")
TimeoutError: Epoch 3 timed out after 3600 seconds

During handling of the above exception, another exception occurred:

Traceback (most recent call last):
  File "/home/wangxinrong/workspace/reft/divination/mwp_ReFT/train_sft_model.py", line 837, in <module>
    main(args)
  File "/home/wangxinrong/workspace/reft/divination/mwp_ReFT/train_sft_model.py", line 726, in main
    accelerator.wait_for_everyone()
  File "/home/wangxinrong/miniconda3/envs/cuda-11.7/lib/python3.10/site-packages/accelerate/accelerator.py", line 2659, in wait_for_everyone
    wait_for_everyone()
  File "/home/wangxinrong/miniconda3/envs/cuda-11.7/lib/python3.10/site-packages/accelerate/utils/other.py", line 144, in wait_for_everyone
    PartialState().wait_for_everyone()
  File "/home/wangxinrong/miniconda3/envs/cuda-11.7/lib/python3.10/site-packages/accelerate/state.py", line 375, in wait_for_everyone
    torch.distributed.barrier()
  File "/home/wangxinrong/miniconda3/envs/cuda-11.7/lib/python3.10/site-packages/torch/distributed/distributed_c10d.py", line 3313, in barrier
    work = default_pg.barrier(opts=opts)
RuntimeError: NCCL communicator was aborted on rank 5.  Original reason for failure was: [Rank 5] Watchdog caught collective operation timeout: WorkNCCL(SeqNum=2616, OpType=BROADCAST, Timeout(ms)=18000000) ran for 18002951 milliseconds before timing out.
[E ProcessGroupNCCL.cpp:455] Some NCCL operations have failed or timed out. Due to the asynchronous nature of CUDA kernels, subsequent GPU operations might run on corrupted/incomplete data.
[E ProcessGroupNCCL.cpp:460] To avoid data inconsistency, we are taking the entire process down.
terminate called after throwing an instance of 'std::runtime_error'
  what():  [Rank 7] Watchdog caught collective operation timeout: WorkNCCL(SeqNum=2616, OpType=BROADCAST, Timeout(ms)=18000000) ran for 18002640 milliseconds before timing out.
[E ProcessGroupNCCL.cpp:455] Some NCCL operations have failed or timed out. Due to the asynchronous nature of CUDA kernels, subsequent GPU operations might run on corrupted/incomplete data.
[E ProcessGroupNCCL.cpp:460] To avoid data inconsistency, we are taking the entire process down.
terminate called after throwing an instance of 'std::runtime_error'
  what():  [Rank 6] Watchdog caught collective operation timeout: WorkNCCL(SeqNum=2616, OpType=BROADCAST, Timeout(ms)=18000000) ran for 18001836 milliseconds before timing out.
[E ProcessGroupNCCL.cpp:455] Some NCCL operations have failed or timed out. Due to the asynchronous nature of CUDA kernels, subsequent GPU operations might run on corrupted/incomplete data.
[E ProcessGroupNCCL.cpp:460] To avoid data inconsistency, we are taking the entire process down.
terminate called after throwing an instance of 'std::runtime_error'
  what():  [Rank 2] Watchdog caught collective operation timeout: WorkNCCL(SeqNum=2616, OpType=BROADCAST, Timeout(ms)=18000000) ran for 18002024 milliseconds before timing out.
[E ProcessGroupNCCL.cpp:455] Some NCCL operations have failed or timed out. Due to the asynchronous nature of CUDA kernels, subsequent GPU operations might run on corrupted/incomplete data.
[E ProcessGroupNCCL.cpp:460] To avoid data inconsistency, we are taking the entire process down.
terminate called after throwing an instance of 'std::runtime_error'
  what():  [Rank 5] Watchdog caught collective operation timeout: WorkNCCL(SeqNum=2616, OpType=BROADCAST, Timeout(ms)=18000000) ran for 18002951 milliseconds before timing out.
[E ProcessGroupNCCL.cpp:828] [Rank 4] Watchdog caught collective operation timeout: WorkNCCL(SeqNum=2616, OpType=ALLREDUCE, Timeout(ms)=18000000) ran for 18005474 milliseconds before timing out.
Traceback (most recent call last):
  File "/home/wangxinrong/workspace/reft/divination/mwp_ReFT/train_sft_model.py", line 837, in <module>
    main(args)
  File "/home/wangxinrong/workspace/reft/divination/mwp_ReFT/train_sft_model.py", line 784, in main
    do_checkpoint(args, model, tokenizer, save_path, global_step)
  File "/home/wangxinrong/workspace/reft/divination/mwp_ReFT/train_sft_model.py", line 251, in do_checkpoint
    model.save_checkpoint(save_path)
  File "/home/wangxinrong/miniconda3/envs/cuda-11.7/lib/python3.10/site-packages/deepspeed/runtime/engine.py", line 2998, in save_checkpoint
    dist.barrier()
  File "/home/wangxinrong/miniconda3/envs/cuda-11.7/lib/python3.10/site-packages/deepspeed/comm/comm.py", line 117, in log_wrapper
    return func(*args, **kwargs)
  File "/home/wangxinrong/miniconda3/envs/cuda-11.7/lib/python3.10/site-packages/deepspeed/comm/comm.py", line 408, in barrier
    return cdb.barrier(group=group, async_op=async_op)
  File "/home/wangxinrong/miniconda3/envs/cuda-11.7/lib/python3.10/site-packages/deepspeed/comm/torch.py", line 312, in barrier
    return torch.distributed.barrier(group=group, async_op=async_op, device_ids=device_ids)
  File "/home/wangxinrong/miniconda3/envs/cuda-11.7/lib/python3.10/site-packages/torch/distributed/distributed_c10d.py", line 3320, in barrier
    work.wait()
  File "/home/wangxinrong/workspace/reft/divination/mwp_ReFT/train_sft_model.py", line 227, in _handle_timeout
    raise TimeoutError(f"{description} timed out after {seconds} seconds")
TimeoutError: Checkpoint saving timed out after 1800 seconds
[E ProcessGroupNCCL.cpp:455] Some NCCL operations have failed or timed out. Due to the asynchronous nature of CUDA kernels, subsequent GPU operations might run on corrupted/incomplete data.
[E ProcessGroupNCCL.cpp:460] To avoid data inconsistency, we are taking the entire process down.
terminate called after throwing an instance of 'std::runtime_error'
  what():  [Rank 4] Watchdog caught collective operation timeout: WorkNCCL(SeqNum=2616, OpType=ALLREDUCE, Timeout(ms)=18000000) ran for 18005474 milliseconds before timing out.
WARNING:torch.distributed.elastic.multiprocessing.api:Sending process 3900517 closing signal SIGTERM
WARNING:torch.distributed.elastic.multiprocessing.api:Sending process 3900519 closing signal SIGTERM
WARNING:torch.distributed.elastic.multiprocessing.api:Sending process 3900520 closing signal SIGTERM
WARNING:torch.distributed.elastic.multiprocessing.api:Sending process 3900521 closing signal SIGTERM
WARNING:torch.distributed.elastic.multiprocessing.api:Sending process 3900522 closing signal SIGTERM
WARNING:torch.distributed.elastic.multiprocessing.api:Sending process 3900523 closing signal SIGTERM
WARNING:torch.distributed.elastic.multiprocessing.api:Sending process 3900524 closing signal SIGTERM
ERROR:torch.distributed.elastic.multiprocessing.api:failed (exitcode: -6) local_rank: 1 (pid: 3900518) of binary: /home/wangxinrong/miniconda3/envs/cuda-11.7/bin/python
Traceback (most recent call last):
  File "/home/wangxinrong/miniconda3/envs/cuda-11.7/bin/accelerate", line 8, in <module>
    sys.exit(main())
  File "/home/wangxinrong/miniconda3/envs/cuda-11.7/lib/python3.10/site-packages/accelerate/commands/accelerate_cli.py", line 48, in main
    args.func(args)
  File "/home/wangxinrong/miniconda3/envs/cuda-11.7/lib/python3.10/site-packages/accelerate/commands/launch.py", line 1153, in launch_command
    deepspeed_launcher(args)
  File "/home/wangxinrong/miniconda3/envs/cuda-11.7/lib/python3.10/site-packages/accelerate/commands/launch.py", line 846, in deepspeed_launcher
    distrib_run.run(args)
  File "/home/wangxinrong/miniconda3/envs/cuda-11.7/lib/python3.10/site-packages/torch/distributed/run.py", line 785, in run
    elastic_launch(
  File "/home/wangxinrong/miniconda3/envs/cuda-11.7/lib/python3.10/site-packages/torch/distributed/launcher/api.py", line 134, in __call__
    return launch_agent(self._config, self._entrypoint, list(args))
  File "/home/wangxinrong/miniconda3/envs/cuda-11.7/lib/python3.10/site-packages/torch/distributed/launcher/api.py", line 250, in launch_agent
    raise ChildFailedError(
torch.distributed.elastic.multiprocessing.errors.ChildFailedError: 
========================================================
train_sft_model.py FAILED
--------------------------------------------------------
Failures:
  <NO_OTHER_FAILURES>
--------------------------------------------------------
Root Cause (first observed failure):
[0]:
  time      : 2024-12-28_00:36:45
  host      : HS-DSS8440-009
  rank      : 1 (local_rank: 1)
  exitcode  : -6 (pid: 3900518)
  error_file: <N/A>
  traceback : Signal 6 (SIGABRT) received by PID 3900518
========================================================
